Archive member included to satisfy reference by file (symbol)

J:/arm_gcc/arm-gnu-toolchain-14.2.rel1-mingw-w64-i686-arm-none-eabi/bin/../lib/gcc/arm-none-eabi/14.2.1/thumb/v7e-m+fp/hard\libc_nano.a(libc_a-exit.o)
                              J:/arm_gcc/arm-gnu-toolchain-14.2.rel1-mingw-w64-i686-arm-none-eabi/bin/../lib/gcc/arm-none-eabi/14.2.1/thumb/v7e-m+fp/hard/crt0.o (exit)
J:/arm_gcc/arm-gnu-toolchain-14.2.rel1-mingw-w64-i686-arm-none-eabi/bin/../lib/gcc/arm-none-eabi/14.2.1/thumb/v7e-m+fp/hard\libc_nano.a(libc_a-nano-vfprintf_float.o)
                              (_printf_float)
J:/arm_gcc/arm-gnu-toolchain-14.2.rel1-mingw-w64-i686-arm-none-eabi/bin/../lib/gcc/arm-none-eabi/14.2.1/thumb/v7e-m+fp/hard\libc_nano.a(libc_a-nano-vfprintf_i.o)
                              J:/arm_gcc/arm-gnu-toolchain-14.2.rel1-mingw-w64-i686-arm-none-eabi/bin/../lib/gcc/arm-none-eabi/14.2.1/thumb/v7e-m+fp/hard\libc_nano.a(libc_a-nano-vfprintf_float.o) (_printf_common)
J:/arm_gcc/arm-gnu-toolchain-14.2.rel1-mingw-w64-i686-arm-none-eabi/bin/../lib/gcc/arm-none-eabi/14.2.1/thumb/v7e-m+fp/hard\libc_nano.a(libc_a-findfp.o)
                              J:/arm_gcc/arm-gnu-toolchain-14.2.rel1-mingw-w64-i686-arm-none-eabi/bin/../lib/gcc/arm-none-eabi/14.2.1/thumb/v7e-m+fp/hard\libc_nano.a(libc_a-exit.o) (__stdio_exit_handler)
J:/arm_gcc/arm-gnu-toolchain-14.2.rel1-mingw-w64-i686-arm-none-eabi/bin/../lib/gcc/arm-none-eabi/14.2.1/thumb/v7e-m+fp/hard\libc_nano.a(libc_a-fwalk.o)
                              J:/arm_gcc/arm-gnu-toolchain-14.2.rel1-mingw-w64-i686-arm-none-eabi/bin/../lib/gcc/arm-none-eabi/14.2.1/thumb/v7e-m+fp/hard\libc_nano.a(libc_a-findfp.o) (_fwalk_sglue)
J:/arm_gcc/arm-gnu-toolchain-14.2.rel1-mingw-w64-i686-arm-none-eabi/bin/../lib/gcc/arm-none-eabi/14.2.1/thumb/v7e-m+fp/hard\libc_nano.a(libc_a-stdio.o)
                              J:/arm_gcc/arm-gnu-toolchain-14.2.rel1-mingw-w64-i686-arm-none-eabi/bin/../lib/gcc/arm-none-eabi/14.2.1/thumb/v7e-m+fp/hard\libc_nano.a(libc_a-findfp.o) (__sread)
J:/arm_gcc/arm-gnu-toolchain-14.2.rel1-mingw-w64-i686-arm-none-eabi/bin/../lib/gcc/arm-none-eabi/14.2.1/thumb/v7e-m+fp/hard\libc_nano.a(libc_a-memset.o)
                              J:/arm_gcc/arm-gnu-toolchain-14.2.rel1-mingw-w64-i686-arm-none-eabi/bin/../lib/gcc/arm-none-eabi/14.2.1/thumb/v7e-m+fp/hard/crt0.o (memset)
J:/arm_gcc/arm-gnu-toolchain-14.2.rel1-mingw-w64-i686-arm-none-eabi/bin/../lib/gcc/arm-none-eabi/14.2.1/thumb/v7e-m+fp/hard\libc_nano.a(libc_a-localeconv.o)
                              J:/arm_gcc/arm-gnu-toolchain-14.2.rel1-mingw-w64-i686-arm-none-eabi/bin/../lib/gcc/arm-none-eabi/14.2.1/thumb/v7e-m+fp/hard\libc_nano.a(libc_a-nano-vfprintf_float.o) (_localeconv_r)
J:/arm_gcc/arm-gnu-toolchain-14.2.rel1-mingw-w64-i686-arm-none-eabi/bin/../lib/gcc/arm-none-eabi/14.2.1/thumb/v7e-m+fp/hard\libc_nano.a(libc_a-closer.o)
                              J:/arm_gcc/arm-gnu-toolchain-14.2.rel1-mingw-w64-i686-arm-none-eabi/bin/../lib/gcc/arm-none-eabi/14.2.1/thumb/v7e-m+fp/hard\libc_nano.a(libc_a-stdio.o) (_close_r)
J:/arm_gcc/arm-gnu-toolchain-14.2.rel1-mingw-w64-i686-arm-none-eabi/bin/../lib/gcc/arm-none-eabi/14.2.1/thumb/v7e-m+fp/hard\libc_nano.a(libc_a-reent.o)
                              J:/arm_gcc/arm-gnu-toolchain-14.2.rel1-mingw-w64-i686-arm-none-eabi/bin/../lib/gcc/arm-none-eabi/14.2.1/thumb/v7e-m+fp/hard\libc_nano.a(libc_a-closer.o) (errno)
J:/arm_gcc/arm-gnu-toolchain-14.2.rel1-mingw-w64-i686-arm-none-eabi/bin/../lib/gcc/arm-none-eabi/14.2.1/thumb/v7e-m+fp/hard\libc_nano.a(libc_a-impure.o)
                              J:/arm_gcc/arm-gnu-toolchain-14.2.rel1-mingw-w64-i686-arm-none-eabi/bin/../lib/gcc/arm-none-eabi/14.2.1/thumb/v7e-m+fp/hard\libc_nano.a(libc_a-reent.o) (_impure_ptr)
J:/arm_gcc/arm-gnu-toolchain-14.2.rel1-mingw-w64-i686-arm-none-eabi/bin/../lib/gcc/arm-none-eabi/14.2.1/thumb/v7e-m+fp/hard\libc_nano.a(libc_a-lseekr.o)
                              J:/arm_gcc/arm-gnu-toolchain-14.2.rel1-mingw-w64-i686-arm-none-eabi/bin/../lib/gcc/arm-none-eabi/14.2.1/thumb/v7e-m+fp/hard\libc_nano.a(libc_a-stdio.o) (_lseek_r)
J:/arm_gcc/arm-gnu-toolchain-14.2.rel1-mingw-w64-i686-arm-none-eabi/bin/../lib/gcc/arm-none-eabi/14.2.1/thumb/v7e-m+fp/hard\libc_nano.a(libc_a-readr.o)
                              J:/arm_gcc/arm-gnu-toolchain-14.2.rel1-mingw-w64-i686-arm-none-eabi/bin/../lib/gcc/arm-none-eabi/14.2.1/thumb/v7e-m+fp/hard\libc_nano.a(libc_a-stdio.o) (_read_r)
J:/arm_gcc/arm-gnu-toolchain-14.2.rel1-mingw-w64-i686-arm-none-eabi/bin/../lib/gcc/arm-none-eabi/14.2.1/thumb/v7e-m+fp/hard\libc_nano.a(libc_a-writer.o)
                              J:/arm_gcc/arm-gnu-toolchain-14.2.rel1-mingw-w64-i686-arm-none-eabi/bin/../lib/gcc/arm-none-eabi/14.2.1/thumb/v7e-m+fp/hard\libc_nano.a(libc_a-stdio.o) (_write_r)
J:/arm_gcc/arm-gnu-toolchain-14.2.rel1-mingw-w64-i686-arm-none-eabi/bin/../lib/gcc/arm-none-eabi/14.2.1/thumb/v7e-m+fp/hard\libc_nano.a(libc_a-init.o)
[...]
Memory Configuration

Name             Origin             Length             Attributes
RAM              0x20000000         0x00020000         xrw
CCMRAM           0x10000000         0x00010000         xrw
FLASH            0x08000000         0x00080000         xr
*default*        0x00000000         0xffffffff

Linker script and memory map

LOAD J:/arm_gcc/arm-gnu-toolchain-14.2.rel1-mingw-w64-i686-arm-none-eabi/bin/../lib/gcc/arm-none-eabi/14.2.1/thumb/v7e-m+fp/hard/crti.o
LOAD J:/arm_gcc/arm-gnu-toolchain-14.2.rel1-mingw-w64-i686-arm-none-eabi/bin/../lib/gcc/arm-none-eabi/14.2.1/thumb/v7e-m+fp/hard/crtbegin.o
LOAD J:/arm_gcc/arm-gnu-toolchain-14.2.rel1-mingw-w64-i686-arm-none-eabi/bin/../lib/gcc/arm-none-eabi/14.2.1/thumb/v7e-m+fp/hard/crt0.o
START GROUP
LOAD J:/arm_gcc/arm-gnu-toolchain-14.2.rel1-mingw-w64-i686-arm-none-eabi/bin/../lib/gcc/arm-none-eabi/14.2.1/thumb/v7e-m+fp/hard\libc_nano.a
LOAD J:/arm_gcc/arm-gnu-toolchain-14.2.rel1-mingw-w64-i686-arm-none-eabi/bin/../lib/gcc/arm-none-eabi/14.2.1/thumb/v7e-m+fp/hard\libm.a
END GROUP
LOAD J:/arm_gcc/arm-gnu-toolchain-14.2.rel1-mingw-w64-i686-arm-none-eabi/bin/../lib/gcc/arm-none-eabi/14.2.1/thumb/v7e-m+fp/hard\libm.a
LOAD CMakeFiles/led_blink.dir/Drivers/CMSIS/Device/ST/STM32F4xx/Source/gcc_ride7/startup_stm32f40_41xxx.s.obj
LOAD CMakeFiles/led_blink.dir/Core/Src/main.c.obj
LOAD CMakeFiles/led_blink.dir/Core/Src/stm32f4xx_it.c.obj
LOAD CMakeFiles/led_blink.dir/Drivers/CMSIS/Device/ST/STM32F4xx/Source/Templates/system_stm32f4xx.c.obj
LOAD CMakeFiles/led_blink.dir/Core/Src/syscalls.c.obj
LOAD CMakeFiles/led_blink.dir/Core/Src/sysmem.c.obj
LOAD cmake/stm32_stdperiph_driver/libSTM32_StdPeriph_Driver.a
START GROUP
LOAD J:/arm_gcc/arm-gnu-toolchain-14.2.rel1-mingw-w64-i686-arm-none-eabi/bin/../lib/gcc/arm-none-eabi/14.2.1/thumb/v7e-m+fp/hard\libgcc.a
LOAD J:/arm_gcc/arm-gnu-toolchain-14.2.rel1-mingw-w64-i686-arm-none-eabi/bin/../lib/gcc/arm-none-eabi/14.2.1/thumb/v7e-m+fp/hard\libg_nano.a
LOAD J:/arm_gcc/arm-gnu-toolchain-14.2.rel1-mingw-w64-i686-arm-none-eabi/bin/../lib/gcc/arm-none-eabi/14.2.1/thumb/v7e-m+fp/hard\libc_nano.a
END GROUP
START GROUP
LOAD J:/arm_gcc/arm-gnu-toolchain-14.2.rel1-mingw-w64-i686-arm-none-eabi/bin/../lib/gcc/arm-none-eabi/14.2.1/thumb/v7e-m+fp/hard\libgcc.a
LOAD J:/arm_gcc/arm-gnu-toolchain-14.2.rel1-mingw-w64-i686-arm-none-eabi/bin/../lib/gcc/arm-none-eabi/14.2.1/thumb/v7e-m+fp/hard\libc_nano.a
END GROUP
LOAD J:/arm_gcc/arm-gnu-toolchain-14.2.rel1-mingw-w64-i686-arm-none-eabi/bin/../lib/gcc/arm-none-eabi/14.2.1/thumb/v7e-m+fp/hard/crtend.o
LOAD J:/arm_gcc/arm-gnu-toolchain-14.2.rel1-mingw-w64-i686-arm-none-eabi/bin/../lib/gcc/arm-none-eabi/14.2.1/thumb/v7e-m+fp/hard/crtn.o
                0x20020000                        _estack = (ORIGIN (RAM) + LENGTH (RAM))
                0x00000200                        _Min_Heap_Size = 0x200
                0x00000400                        _Min_Stack_Size = 0x400

.isr_vector     0x08000000      0x188
                0x08000000                        . = ALIGN (0x4)
 *(.isr_vector)
 .isr_vector    0x08000000      0x188 CMakeFiles/led_blink.dir/Drivers/CMSIS/Device/ST/STM32F4xx/Source/gcc_ride7/startup_stm32f40_41xxx.s.obj
                0x08000000                g_pfnVectors
                0x08000188                        . = ALIGN (0x4)

.text           0x08000190     0x37f0
                0x08000190                        . = ALIGN (0x4)
 *(.text)
 .text          0x08000190       0xa0 J:/arm_gcc/arm-gnu-toolchain-14.2.rel1-mingw-w64-i686-arm-none-eabi/bin/../lib/gcc/arm-none-eabi/14.2.1/thumb/v7e-m+fp/hard\libc_nano.a(libc_a-memchr.o)
                0x08000190                memchr
 .text          0x08000230       0x10 J:/arm_gcc/arm-gnu-toolchain-14.2.rel1-mingw-w64-i686-arm-none-eabi/bin/../lib/gcc/arm-none-eabi/14.2.1/thumb/v7e-m+fp/hard\libc_nano.a(libc_a-strlen.o)
                0x08000230                strlen
 .text          0x08000240      0x378 J:/arm_gcc/arm-gnu-toolchain-14.2.rel1-mingw-w64-i686-arm-none-eabi/bin/../lib/gcc/arm-none-eabi/14.2.1/thumb/v7e-m+fp/hard\libgcc.a(_arm_addsubdf3.o)
                0x08000240                __aeabi_drsub
                0x08000248                __aeabi_dsub
                0x08000248                __subdf3
                0x0800024c                __aeabi_dadd
                0x0800024c                __adddf3
                0x080004c4                __floatunsidf
                0x080004c4                __aeabi_ui2d
                0x080004e4                __floatsidf
                0x080004e4                __aeabi_i2d
                0x08000508                __aeabi_f2d
                0x08000508                __extendsfdf2
                0x0800054c                __floatundidf
                0x0800054c                __aeabi_ul2d
                0x0800055c                __floatdidf
                0x0800055c                __aeabi_l2d
 .text          0x080005b8      0x424 J:/arm_gcc/arm-gnu-toolchain-14.2.rel1-mingw-w64-i686-arm-none-eabi/bin/../lib/gcc/arm-none-eabi/14.2.1/thumb/v7e-m+fp/hard\libgcc.a(_arm_muldivdf3.o)
                0x080005b8                __aeabi_dmul
                0x080005b8                __muldf3
                0x0800080c                __divdf3
                0x0800080c                __aeabi_ddiv
 .text          0x080009dc      0x110 J:/arm_gcc/arm-gnu-toolchain-14.2.rel1-mingw-w64-i686-arm-none-eabi/bin/../lib/gcc/arm-none-eabi/14.2.1/thumb/v7e-m+fp/hard\libgcc.a(_arm_cmpdf2.o)
                0x080009dc                __gtdf2
                0x080009dc                __gedf2
                0x080009e4                __ltdf2
                0x080009e4                __ledf2
                0x080009ec                __nedf2
                0x080009ec                __eqdf2
                0x080009ec                __cmpdf2
                0x08000a68                __aeabi_cdrcmple
                0x08000a78                __aeabi_cdcmpeq
                0x08000a78                __aeabi_cdcmple
                0x08000a88                __aeabi_dcmpeq
                0x08000a9c                __aeabi_dcmplt
                0x08000ab0                __aeabi_dcmple
                0x08000ac4                __aeabi_dcmpge
                0x08000ad8                __aeabi_dcmpgt
 .text          0x08000aec       0x2c J:/arm_gcc/arm-gnu-toolchain-14.2.rel1-mingw-w64-i686-arm-none-eabi/bin/../lib/gcc/arm-none-eabi/14.2.1/thumb/v7e-m+fp/hard\libgcc.a(_arm_unorddf2.o)
                0x08000aec                __unorddf2
                0x08000aec                __aeabi_dcmpun
 .text          0x08000b18       0x50 J:/arm_gcc/arm-gnu-toolchain-14.2.rel1-mingw-w64-i686-arm-none-eabi/bin/../lib/gcc/arm-none-eabi/14.2.1/thumb/v7e-m+fp/hard\libgcc.a(_arm_fixdfsi.o)
                0x08000b18                __aeabi_d2iz
                0x08000b18                __fixdfsi
 *(.text*)
 .text.deregister_tm_clones
                0x08000b68       0x1c J:/arm_gcc/arm-gnu-toolchain-14.2.rel1-mingw-w64-i686-arm-none-eabi/bin/../lib/gcc/arm-none-eabi/14.2.1/thumb/v7e-m+fp/hard/crtbegin.o
 .text.register_tm_clones
                0x08000b84       0x24 J:/arm_gcc/arm-gnu-toolchain-14.2.rel1-mingw-w64-i686-arm-none-eabi/bin/../lib/gcc/arm-none-eabi/14.2.1/thumb/v7e-m+fp/hard/crtbegin.o
 .text.__do_global_dtors_aux
                0x08000ba8       0x28 J:/arm_gcc/arm-gnu-toolchain-14.2.rel1-mingw-w64-i686-arm-none-eabi/bin/../lib/gcc/arm-none-eabi/14.2.1/thumb/v7e-m+fp/hard/crtbegin.o
 .text.frame_dummy
                0x08000bd0       0x24 J:/arm_gcc/arm-gnu-toolchain-14.2.rel1-mingw-w64-i686-arm-none-eabi/bin/../lib/gcc/arm-none-eabi/14.2.1/thumb/v7e-m+fp/hard/crtbegin.o
 .text.__cvt    0x08000bf4       0xca J:/arm_gcc/arm-gnu-toolchain-14.2.rel1-mingw-w64-i686-arm-none-eabi/bin/../lib/gcc/arm-none-eabi/14.2.1/thumb/v7e-m+fp/hard\libc_nano.a(libc_a-nano-vfprintf_float.o)
                0x08000bf4                __cvt
 .text.__exponent
                0x08000cbe       0x74 J:/arm_gcc/arm-gnu-toolchain-14.2.rel1-mingw-w64-i686-arm-none-eabi/bin/../lib/gcc/arm-none-eabi/14.2.1/thumb/v7e-m+fp/hard\libc_nano.a(libc_a-nano-vfprintf_float.o)
                0x08000cbe                __exponent
 *fill*         0x08000d32        0x2 
 .text._printf_float
                0x08000d34      0x450 J:/arm_gcc/arm-gnu-toolchain-14.2.rel1-mingw-w64-i686-arm-none-eabi/bin/../lib/gcc/arm-none-eabi/14.2.1/thumb/v7e-m+fp/hard\libc_nano.a(libc_a-nano-vfprintf_float.o)
                0x08000d34                _printf_float
 .text._printf_common
                0x08001184       0xda J:/arm_gcc/arm-gnu-toolchain-14.2.rel1-mingw-w64-i686-arm-none-eabi/bin/../lib/gcc/arm-none-eabi/14.2.1/thumb/v7e-m+fp/hard\libc_nano.a(libc_a-nano-vfprintf_i.o)
                0x08001184                _printf_common
 *fill*         0x0800125e        0x2 
 .text._printf_i
                0x08001260      0x240 J:/arm_gcc/arm-gnu-toolchain-14.2.rel1-mingw-w64-i686-arm-none-eabi/bin/../lib/gcc/arm-none-eabi/14.2.1/thumb/v7e-m+fp/hard\libc_nano.a(libc_a-nano-vfprintf_i.o)
                0x08001260                _printf_i
 .text.std      0x080014a0       0x6c J:/arm_gcc/arm-gnu-toolchain-14.2.rel1-mingw-w64-i686-arm-none-eabi/bin/../lib/gcc/arm-none-eabi/14.2.1/thumb/v7e-m+fp/hard\libc_nano.a(libc_a-findfp.o)
 .text.stdio_exit_handler
                0x0800150c       0x18 J:/arm_gcc/arm-gnu-toolchain-14.2.rel1-mingw-w64-i686-arm-none-eabi/bin/../lib/gcc/arm-none-eabi/14.2.1/thumb/v7e-m+fp/hard\libc_nano.a(libc_a-findfp.o)
 .text.cleanup_stdio
                0x08001524       0x40 J:/arm_gcc/arm-gnu-toolchain-14.2.rel1-mingw-w64-i686-arm-none-eabi/bin/../lib/gcc/arm-none-eabi/14.2.1/thumb/v7e-m+fp/hard\libc_nano.a(libc_a-findfp.o)
 .text.global_stdio_init.part.0
                0x08001564       0x40 J:/arm_gcc/arm-gnu-toolchain-14.2.rel1-mingw-w64-i686-arm-none-eabi/bin/../lib/gcc/arm-none-eabi/14.2.1/thumb/v7e-m+fp/hard\libc_nano.a(libc_a-findfp.o)
 .text.__sfp_lock_acquire
                0x080015a4        0xc J:/arm_gcc/arm-gnu-toolchain-14.2.rel1-mingw-w64-i686-arm-none-eabi/bin/../lib/gcc/arm-none-eabi/14.2.1/thumb/v7e-m+fp/hard\libc_nano.a(libc_a-findfp.o)
                0x080015a4                __sfp_lock_acquire
 .text.__sfp_lock_release
                0x080015b0        0xc J:/arm_gcc/arm-gnu-toolchain-14.2.rel1-mingw-w64-i686-arm-none-eabi/bin/../lib/gcc/arm-none-eabi/14.2.1/thumb/v7e-m+fp/hard\libc_nano.a(libc_a-findfp.o)
                0x080015b0                __sfp_lock_release
 .text.__sinit  0x080015bc       0x30 J:/arm_gcc/arm-gnu-toolchain-14.2.rel1-mingw-w64-i686-arm-none-eabi/bin/../lib/gcc/arm-none-eabi/14.2.1/thumb/v7e-m+fp/hard\libc_nano.a(libc_a-findfp.o)
                0x080015bc                __sinit
 .text._fwalk_sglue
                0x080015ec       0x3c J:/arm_gcc/arm-gnu-toolchain-14.2.rel1-mingw-w64-i686-arm-none-eabi/bin/../lib/gcc/arm-none-eabi/14.2.1/thumb/v7e-m+fp/hard\libc_nano.a(libc_a-fwalk.o)
                0x080015ec                _fwalk_sglue
 .text.__sread  0x08001628       0x22 J:/arm_gcc/arm-gnu-toolchain-14.2.rel1-mingw-w64-i686-arm-none-eabi/bin/../lib/gcc/arm-none-eabi/14.2.1/thumb/v7e-m+fp/hard\libc_nano.a(libc_a-stdio.o)
                0x08001628                __sread
 .text.__swrite
                0x0800164a       0x38 J:/arm_gcc/arm-gnu-toolchain-14.2.rel1-mingw-w64-i686-arm-none-eabi/bin/../lib/gcc/arm-none-eabi/14.2.1/thumb/v7e-m+fp/hard\libc_nano.a(libc_a-stdio.o)
                0x0800164a                __swrite
 .text.__sseek  0x08001682       0x26 J:/arm_gcc/arm-gnu-toolchain-14.2.rel1-mingw-w64-i686-arm-none-eabi/bin/../lib/gcc/arm-none-eabi/14.2.1/thumb/v7e-m+fp/hard\libc_nano.a(libc_a-stdio.o)
                0x08001682                __sseek
 .text.__sclose
                0x080016a8        0x8 J:/arm_gcc/arm-gnu-toolchain-14.2.rel1-mingw-w64-i686-arm-none-eabi/bin/../lib/gcc/arm-none-eabi/14.2.1/thumb/v7e-m+fp/hard\libc_nano.a(libc_a-stdio.o)
                0x080016a8                __sclose
 .text.memset   0x080016b0       0x10 J:/arm_gcc/arm-gnu-toolchain-14.2.rel1-mingw-w64-i686-arm-none-eabi/bin/../lib/gcc/arm-none-eabi/14.2.1/thumb/v7e-m+fp/hard\libc_nano.a(libc_a-memset.o)
                0x080016b0                memset
 .text._localeconv_r
                0x080016c0        0x8 J:/arm_gcc/arm-gnu-toolchain-14.2.rel1-mingw-w64-i686-arm-none-eabi/bin/../lib/gcc/arm-none-eabi/14.2.1/thumb/v7e-m+fp/hard\libc_nano.a(libc_a-localeconv.o)
                0x080016c0                _localeconv_r
 .text._close_r
                0x080016c8       0x20 J:/arm_gcc/arm-gnu-toolchain-14.2.rel1-mingw-w64-i686-arm-none-eabi/bin/../lib/gcc/arm-none-eabi/14.2.1/thumb/v7e-m+fp/hard\libc_nano.a(libc_a-closer.o)
                0x080016c8                _close_r
 .text._lseek_r
                0x080016e8       0x24 J:/arm_gcc/arm-gnu-toolchain-14.2.rel1-mingw-w64-i686-arm-none-eabi/bin/../lib/gcc/arm-none-eabi/14.2.1/thumb/v7e-m+fp/hard\libc_nano.a(libc_a-lseekr.o)
                0x080016e8                _lseek_r
 .text._read_r  0x0800170c       0x24 J:/arm_gcc/arm-gnu-toolchain-14.2.rel1-mingw-w64-i686-arm-none-eabi/bin/../lib/gcc/arm-none-eabi/14.2.1/thumb/v7e-m+fp/hard\libc_nano.a(libc_a-readr.o)
                0x0800170c                _read_r
 .text._write_r
                0x08001730       0x24 J:/arm_gcc/arm-gnu-toolchain-14.2.rel1-mingw-w64-i686-arm-none-eabi/bin/../lib/gcc/arm-none-eabi/14.2.1/thumb/v7e-m+fp/hard\libc_nano.a(libc_a-writer.o)
                0x08001730                _write_r
 .text.__retarget_lock_init_recursive
                0x08001754        0x2 J:/arm_gcc/arm-gnu-toolchain-14.2.rel1-mingw-w64-i686-arm-none-eabi/bin/../lib/gcc/arm-none-eabi/14.2.1/thumb/v7e-m+fp/hard\libc_nano.a(libc_a-lock.o)
                0x08001754                __retarget_lock_init_recursive
 .text.__retarget_lock_acquire_recursive
                0x08001756        0x2 J:/arm_gcc/arm-gnu-toolchain-14.2.rel1-mingw-w64-i686-arm-none-eabi/bin/../lib/gcc/arm-none-eabi/14.2.1/thumb/v7e-m+fp/hard\libc_nano.a(libc_a-lock.o)
                0x08001756                __retarget_lock_acquire_recursive
 .text.__retarget_lock_release_recursive
                0x08001758        0x2 J:/arm_gcc/arm-gnu-toolchain-14.2.rel1-mingw-w64-i686-arm-none-eabi/bin/../lib/gcc/arm-none-eabi/14.2.1/thumb/v7e-m+fp/hard\libc_nano.a(libc_a-lock.o)
                0x08001758                __retarget_lock_release_recursive
 .text.quorem   0x0800175a      0x110 J:/arm_gcc/arm-gnu-toolchain-14.2.rel1-mingw-w64-i686-arm-none-eabi/bin/../lib/gcc/arm-none-eabi/14.2.1/thumb/v7e-m+fp/hard\libc_nano.a(libc_a-dtoa.o)
 *fill*         0x0800186a        0x6 
 .text._dtoa_r  0x08001870      0xbc0 J:/arm_gcc/arm-gnu-toolchain-14.2.rel1-mingw-w64-i686-arm-none-eabi/bin/../lib/gcc/arm-none-eabi/14.2.1/thumb/v7e-m+fp/hard\libc_nano.a(libc_a-dtoa.o)
                0x08001870                _dtoa_r
 .text._free_r  0x08002430       0x94 J:/arm_gcc/arm-gnu-toolchain-14.2.rel1-mingw-w64-i686-arm-none-eabi/bin/../lib/gcc/arm-none-eabi/14.2.1/thumb/v7e-m+fp/hard\libc_nano.a(libc_a-freer.o)
                0x08002430                _free_r
 .text.malloc   0x080024c4       0x10 J:/arm_gcc/arm-gnu-toolchain-14.2.rel1-mingw-w64-i686-arm-none-eabi/bin/../lib/gcc/arm-none-eabi/14.2.1/thumb/v7e-m+fp/hard\libc_nano.a(libc_a-malloc.o)
                0x080024c4                malloc
 .text.sbrk_aligned
                0x080024d4       0x44 J:/arm_gcc/arm-gnu-toolchain-14.2.rel1-mingw-w64-i686-arm-none-eabi/bin/../lib/gcc/arm-none-eabi/14.2.1/thumb/v7e-m+fp/hard\libc_nano.a(libc_a-mallocr.o)
 .text._malloc_r
                0x08002518      0x100 J:/arm_gcc/arm-gnu-toolchain-14.2.rel1-mingw-w64-i686-arm-none-eabi/bin/../lib/gcc/arm-none-eabi/14.2.1/thumb/v7e-m+fp/hard\libc_nano.a(libc_a-mallocr.o)
                0x08002518                _malloc_r
 .text.__malloc_lock
                0x08002618        0xc J:/arm_gcc/arm-gnu-toolchain-14.2.rel1-mingw-w64-i686-arm-none-eabi/bin/../lib/gcc/arm-none-eabi/14.2.1/thumb/v7e-m+fp/hard\libc_nano.a(libc_a-mlock.o)
                0x08002618                __malloc_lock
 .text.__malloc_unlock
                0x08002624        0xc J:/arm_gcc/arm-gnu-toolchain-14.2.rel1-mingw-w64-i686-arm-none-eabi/bin/../lib/gcc/arm-none-eabi/14.2.1/thumb/v7e-m+fp/hard\libc_nano.a(libc_a-mlock.o)
                0x08002624                __malloc_unlock
 .text._Balloc  0x08002630       0x7c J:/arm_gcc/arm-gnu-toolchain-14.2.rel1-mingw-w64-i686-arm-none-eabi/bin/../lib/gcc/arm-none-eabi/14.2.1/thumb/v7e-m+fp/hard\libc_nano.a(libc_a-mprec.o)
                0x08002630                _Balloc
 .text._Bfree   0x080026ac       0x44 J:/arm_gcc/arm-gnu-toolchain-14.2.rel1-mingw-w64-i686-arm-none-eabi/bin/../lib/gcc/arm-none-eabi/14.2.1/thumb/v7e-m+fp/hard\libc_nano.a(libc_a-mprec.o)
                0x080026ac                _Bfree
 .text.__multadd
                0x080026f0       0x8c J:/arm_gcc/arm-gnu-toolchain-14.2.rel1-mingw-w64-i686-arm-none-eabi/bin/../lib/gcc/arm-none-eabi/14.2.1/thumb/v7e-m+fp/hard\libc_nano.a(libc_a-mprec.o)
                0x080026f0                __multadd
 .text.__hi0bits
                0x0800277c       0x3e J:/arm_gcc/arm-gnu-toolchain-14.2.rel1-mingw-w64-i686-arm-none-eabi/bin/../lib/gcc/arm-none-eabi/14.2.1/thumb/v7e-m+fp/hard\libc_nano.a(libc_a-mprec.o)
                0x0800277c                __hi0bits
 .text.__lo0bits
                0x080027ba       0x5a J:/arm_gcc/arm-gnu-toolchain-14.2.rel1-mingw-w64-i686-arm-none-eabi/bin/../lib/gcc/arm-none-eabi/14.2.1/thumb/v7e-m+fp/hard\libc_nano.a(libc_a-mprec.o)
                0x080027ba                __lo0bits
 .text.__i2b    0x08002814       0x2c J:/arm_gcc/arm-gnu-toolchain-14.2.rel1-mingw-w64-i686-arm-none-eabi/bin/../lib/gcc/arm-none-eabi/14.2.1/thumb/v7e-m+fp/hard\libc_nano.a(libc_a-mprec.o)
                0x08002814                __i2b
 .text.__multiply
                0x08002840      0x154 J:/arm_gcc/arm-gnu-toolchain-14.2.rel1-mingw-w64-i686-arm-none-eabi/bin/../lib/gcc/arm-none-eabi/14.2.1/thumb/v7e-m+fp/hard\libc_nano.a(libc_a-mprec.o)
                0x08002840                __multiply
 .text.__pow5mult
                0x08002994       0xb8 J:/arm_gcc/arm-gnu-toolchain-14.2.rel1-mingw-w64-i686-arm-none-eabi/bin/../lib/gcc/arm-none-eabi/14.2.1/thumb/v7e-m+fp/hard\libc_nano.a(libc_a-mprec.o)
                0x08002994                __pow5mult
 .text.__lshift
                0x08002a4c       0xdc J:/arm_gcc/arm-gnu-toolchain-14.2.rel1-mingw-w64-i686-arm-none-eabi/bin/../lib/gcc/arm-none-eabi/14.2.1/thumb/v7e-m+fp/hard\libc_nano.a(libc_a-mprec.o)
                0x08002a4c                __lshift
 .text.__mcmp   0x08002b28       0x36 J:/arm_gcc/arm-gnu-toolchain-14.2.rel1-mingw-w64-i686-arm-none-eabi/bin/../lib/gcc/arm-none-eabi/14.2.1/thumb/v7e-m+fp/hard\libc_nano.a(libc_a-mprec.o)
                0x08002b28                __mcmp
 *fill*         0x08002b5e        0x2 
 .text.__mdiff  0x08002b60      0x130 J:/arm_gcc/arm-gnu-toolchain-14.2.rel1-mingw-w64-i686-arm-none-eabi/bin/../lib/gcc/arm-none-eabi/14.2.1/thumb/v7e-m+fp/hard\libc_nano.a(libc_a-mprec.o)
                0x08002b60                __mdiff
 .text.__d2b    0x08002c90       0xb0 J:/arm_gcc/arm-gnu-toolchain-14.2.rel1-mingw-w64-i686-arm-none-eabi/bin/../lib/gcc/arm-none-eabi/14.2.1/thumb/v7e-m+fp/hard\libc_nano.a(libc_a-mprec.o)
                0x08002c90                __d2b
 .text.__sflush_r
                0x08002d40      0x104 J:/arm_gcc/arm-gnu-toolchain-14.2.rel1-mingw-w64-i686-arm-none-eabi/bin/../lib/gcc/arm-none-eabi/14.2.1/thumb/v7e-m+fp/hard\libc_nano.a(libc_a-fflush.o)
                0x08002d40                __sflush_r
 .text._fflush_r
                0x08002e44       0x50 J:/arm_gcc/arm-gnu-toolchain-14.2.rel1-mingw-w64-i686-arm-none-eabi/bin/../lib/gcc/arm-none-eabi/14.2.1/thumb/v7e-m+fp/hard\libc_nano.a(libc_a-fflush.o)
                0x08002e44                _fflush_r
 .text._sbrk_r  0x08002e94       0x20 J:/arm_gcc/arm-gnu-toolchain-14.2.rel1-mingw-w64-i686-arm-none-eabi/bin/../lib/gcc/arm-none-eabi/14.2.1/thumb/v7e-m+fp/hard\libc_nano.a(libc_a-sbrkr.o)
                0x08002e94                _sbrk_r
 .text.memcpy   0x08002eb4       0x1c J:/arm_gcc/arm-gnu-toolchain-14.2.rel1-mingw-w64-i686-arm-none-eabi/bin/../lib/gcc/arm-none-eabi/14.2.1/thumb/v7e-m+fp/hard\libc_nano.a(libc_a-memcpy-stub.o)
                0x08002eb4                memcpy
 .text.__assert_func
                0x08002ed0       0x3c J:/arm_gcc/arm-gnu-toolchain-14.2.rel1-mingw-w64-i686-arm-none-eabi/bin/../lib/gcc/arm-none-eabi/14.2.1/thumb/v7e-m+fp/hard\libc_nano.a(libc_a-assert.o)
                0x08002ed0                __assert_func
 .text._calloc_r
                0x08002f0c       0x28 J:/arm_gcc/arm-gnu-toolchain-14.2.rel1-mingw-w64-i686-arm-none-eabi/bin/../lib/gcc/arm-none-eabi/14.2.1/thumb/v7e-m+fp/hard\libc_nano.a(libc_a-callocr.o)
                0x08002f0c                _calloc_r
 .text.__ascii_mbtowc
                0x08002f34       0x24 J:/arm_gcc/arm-gnu-toolchain-14.2.rel1-mingw-w64-i686-arm-none-eabi/bin/../lib/gcc/arm-none-eabi/14.2.1/thumb/v7e-m+fp/hard\libc_nano.a(libc_a-mbtowc_r.o)
                0x08002f34                __ascii_mbtowc
 .text.__ascii_wctomb
                0x08002f58       0x1a J:/arm_gcc/arm-gnu-toolchain-14.2.rel1-mingw-w64-i686-arm-none-eabi/bin/../lib/gcc/arm-none-eabi/14.2.1/thumb/v7e-m+fp/hard\libc_nano.a(libc_a-wctomb_r.o)
                0x08002f58                __ascii_wctomb
 *fill*         0x08002f72        0x2 
 .text.fprintf  0x08002f74       0x24 J:/arm_gcc/arm-gnu-toolchain-14.2.rel1-mingw-w64-i686-arm-none-eabi/bin/../lib/gcc/arm-none-eabi/14.2.1/thumb/v7e-m+fp/hard\libc_nano.a(libc_a-fprintf.o)
                0x08002f74                fiprintf
                0x08002f74                fprintf
 .text.abort    0x08002f98        0xe J:/arm_gcc/arm-gnu-toolchain-14.2.rel1-mingw-w64-i686-arm-none-eabi/bin/../lib/gcc/arm-none-eabi/14.2.1/thumb/v7e-m+fp/hard\libc_nano.a(libc_a-abort.o)
                0x08002f98                abort
 .text.__sfputc_r
                0x08002fa6       0x2e J:/arm_gcc/arm-gnu-toolchain-14.2.rel1-mingw-w64-i686-arm-none-eabi/bin/../lib/gcc/arm-none-eabi/14.2.1/thumb/v7e-m+fp/hard\libc_nano.a(libc_a-nano-vfprintf.o)
 .text.__sfputs_r
                0x08002fd4       0x24 J:/arm_gcc/arm-gnu-toolchain-14.2.rel1-mingw-w64-i686-arm-none-eabi/bin/../lib/gcc/arm-none-eabi/14.2.1/thumb/v7e-m+fp/hard\libc_nano.a(libc_a-nano-vfprintf.o)
                0x08002fd4                __sfputs_r
 .text._vfprintf_r
                0x08002ff8      0x230 J:/arm_gcc/arm-gnu-toolchain-14.2.rel1-mingw-w64-i686-arm-none-eabi/bin/../lib/gcc/arm-none-eabi/14.2.1/thumb/v7e-m+fp/hard\libc_nano.a(libc_a-nano-vfprintf.o)
                0x08002ff8                _vfprintf_r
                0x08002ff8                _vfiprintf_r
 .text.__swbuf_r
                0x08003228       0x7c J:/arm_gcc/arm-gnu-toolchain-14.2.rel1-mingw-w64-i686-arm-none-eabi/bin/../lib/gcc/arm-none-eabi/14.2.1/thumb/v7e-m+fp/hard\libc_nano.a(libc_a-wbuf.o)
                0x08003228                __swbuf_r
 .text.__swsetup_r
                0x080032a4       0xa8 J:/arm_gcc/arm-gnu-toolchain-14.2.rel1-mingw-w64-i686-arm-none-eabi/bin/../lib/gcc/arm-none-eabi/14.2.1/thumb/v7e-m+fp/hard\libc_nano.a(libc_a-wsetup.o)
                0x080032a4                __swsetup_r
 .text._raise_r
                0x0800334c       0x50 J:/arm_gcc/arm-gnu-toolchain-14.2.rel1-mingw-w64-i686-arm-none-eabi/bin/../lib/gcc/arm-none-eabi/14.2.1/thumb/v7e-m+fp/hard\libc_nano.a(libc_a-signal.o)
                0x0800334c                _raise_r
 .text.raise    0x0800339c       0x10 J:/arm_gcc/arm-gnu-toolchain-14.2.rel1-mingw-w64-i686-arm-none-eabi/bin/../lib/gcc/arm-none-eabi/14.2.1/thumb/v7e-m+fp/hard\libc_nano.a(libc_a-signal.o)
                0x0800339c                raise
 .text._kill_r  0x080033ac       0x24 J:/arm_gcc/arm-gnu-toolchain-14.2.rel1-mingw-w64-i686-arm-none-eabi/bin/../lib/gcc/arm-none-eabi/14.2.1/thumb/v7e-m+fp/hard\libc_nano.a(libc_a-signalr.o)
                0x080033ac                _kill_r
 .text._getpid_r
                0x080033d0        0x4 J:/arm_gcc/arm-gnu-toolchain-14.2.rel1-mingw-w64-i686-arm-none-eabi/bin/../lib/gcc/arm-none-eabi/14.2.1/thumb/v7e-m+fp/hard\libc_nano.a(libc_a-signalr.o)
                0x080033d0                _getpid_r
 .text.__swhatbuf_r
                0x080033d4       0x48 J:/arm_gcc/arm-gnu-toolchain-14.2.rel1-mingw-w64-i686-arm-none-eabi/bin/../lib/gcc/arm-none-eabi/14.2.1/thumb/v7e-m+fp/hard\libc_nano.a(libc_a-makebuf.o)
                0x080033d4                __swhatbuf_r
 .text.__smakebuf_r
                0x0800341c       0x72 J:/arm_gcc/arm-gnu-toolchain-14.2.rel1-mingw-w64-i686-arm-none-eabi/bin/../lib/gcc/arm-none-eabi/14.2.1/thumb/v7e-m+fp/hard\libc_nano.a(libc_a-makebuf.o)
                0x0800341c                __smakebuf_r
 *fill*         0x0800348e        0x2 
 .text._fstat_r
                0x08003490       0x24 J:/arm_gcc/arm-gnu-toolchain-14.2.rel1-mingw-w64-i686-arm-none-eabi/bin/../lib/gcc/arm-none-eabi/14.2.1/thumb/v7e-m+fp/hard\libc_nano.a(libc_a-fstatr.o)
                0x08003490                _fstat_r
 .text._isatty_r
                0x080034b4       0x20 J:/arm_gcc/arm-gnu-toolchain-14.2.rel1-mingw-w64-i686-arm-none-eabi/bin/../lib/gcc/arm-none-eabi/14.2.1/thumb/v7e-m+fp/hard\libc_nano.a(libc_a-isattyr.o)
                0x080034b4                _isatty_r
 .text.Reset_Handler
                0x080034d4       0x44 CMakeFiles/led_blink.dir/Drivers/CMSIS/Device/ST/STM32F4xx/Source/gcc_ride7/startup_stm32f40_41xxx.s.obj
                0x080034d4                Reset_Handler
 .text.Default_Handler
                0x08003518        0x2 CMakeFiles/led_blink.dir/Drivers/CMSIS/Device/ST/STM32F4xx/Source/gcc_ride7/startup_stm32f40_41xxx.s.obj
                0x08003518                RTC_Alarm_IRQHandler
                0x08003518                HASH_RNG_IRQHandler
                0x08003518                EXTI2_IRQHandler
                0x08003518                TIM8_CC_IRQHandler
                0x08003518                TIM1_CC_IRQHandler
                0x08003518                DMA2_Stream5_IRQHandler
                0x08003518                DMA1_Stream5_IRQHandler
                0x08003518                PVD_IRQHandler
                0x08003518                SDIO_IRQHandler
                0x08003518                TAMP_STAMP_IRQHandler
                0x08003518                CAN2_RX1_IRQHandler
                0x08003518                EXTI3_IRQHandler
                0x08003518                TIM8_TRG_COM_TIM14_IRQHandler
                0x08003518                TIM1_UP_TIM10_IRQHandler
                0x08003518                TIM8_UP_TIM13_IRQHandler
                0x08003518                I2C3_ER_IRQHandler
                0x08003518                EXTI0_IRQHandler
                0x08003518                I2C2_EV_IRQHandler
                0x08003518                DMA1_Stream2_IRQHandler
                0x08003518                CAN1_RX0_IRQHandler
                0x08003518                FPU_IRQHandler
                0x08003518                OTG_HS_WKUP_IRQHandler
                0x08003518                CAN2_SCE_IRQHandler
                0x08003518                DMA2_Stream2_IRQHandler
                0x08003518                SPI1_IRQHandler
                0x08003518                TIM6_DAC_IRQHandler
                0x08003518                TIM1_BRK_TIM9_IRQHandler
                0x08003518                DCMI_IRQHandler
                0x08003518                CAN2_RX0_IRQHandler
                0x08003518                DMA2_Stream3_IRQHandler
                0x08003518                USART6_IRQHandler
                0x08003518                USART3_IRQHandler
                0x08003518                CRYP_IRQHandler
                0x08003518                CAN1_RX1_IRQHandler
                0x08003518                UART5_IRQHandler
                0x08003518                DMA2_Stream0_IRQHandler
                0x08003518                TIM4_IRQHandler
                0x08003518                I2C1_EV_IRQHandler
                0x08003518                DMA1_Stream6_IRQHandler
                0x08003518                DMA1_Stream1_IRQHandler
                0x08003518                UART4_IRQHandler
                0x08003518                TIM3_IRQHandler
                0x08003518                RCC_IRQHandler
                0x08003518                TIM8_BRK_TIM12_IRQHandler
                0x08003518                Default_Handler
                0x08003518                EXTI15_10_IRQHandler
                0x08003518                ADC_IRQHandler
                0x08003518                DMA1_Stream7_IRQHandler
                0x08003518                TIM7_IRQHandler
                0x08003518                CAN2_TX_IRQHandler
                0x08003518                TIM5_IRQHandler
                0x08003518                DMA2_Stream7_IRQHandler
                0x08003518                I2C3_EV_IRQHandler
                0x08003518                EXTI9_5_IRQHandler
                0x08003518                RTC_WKUP_IRQHandler
                0x08003518                ETH_WKUP_IRQHandler
                0x08003518                SPI2_IRQHandler
                0x08003518                OTG_HS_EP1_IN_IRQHandler
                0x08003518                DMA1_Stream0_IRQHandler
                0x08003518                CAN1_TX_IRQHandler
                0x08003518                EXTI4_IRQHandler
                0x08003518                FSMC_IRQHandler
                0x08003518                ETH_IRQHandler
                0x08003518                OTG_HS_EP1_OUT_IRQHandler
                0x08003518                WWDG_IRQHandler
                0x08003518                TIM2_IRQHandler
                0x08003518                OTG_FS_WKUP_IRQHandler
                0x08003518                TIM1_TRG_COM_TIM11_IRQHandler
                0x08003518                OTG_HS_IRQHandler
                0x08003518                EXTI1_IRQHandler
                0x08003518                USART2_IRQHandler
                0x08003518                I2C2_ER_IRQHandler
                0x08003518                DMA2_Stream1_IRQHandler
                0x08003518                CAN1_SCE_IRQHandler
                0x08003518                FLASH_IRQHandler
                0x08003518                DMA2_Stream4_IRQHandler
                0x08003518                USART1_IRQHandler
                0x08003518                OTG_FS_IRQHandler
                0x08003518                SPI3_IRQHandler
                0x08003518                DMA1_Stream4_IRQHandler
                0x08003518                I2C1_ER_IRQHandler
                0x08003518                DMA2_Stream6_IRQHandler
                0x08003518                DMA1_Stream3_IRQHandler
 .text.Delay    0x0800351a       0x24 CMakeFiles/led_blink.dir/Core/Src/main.c.obj
                0x0800351a                Delay
 *fill*         0x0800353e        0x2 
 .text.main     0x08003540       0xc4 CMakeFiles/led_blink.dir/Core/Src/main.c.obj
                0x08003540                main
 .text.NMI_Handler
                0x08003604        0xe CMakeFiles/led_blink.dir/Core/Src/stm32f4xx_it.c.obj
                0x08003604                NMI_Handler
 .text.HardFault_Handler
                0x08003612        0x8 CMakeFiles/led_blink.dir/Core/Src/stm32f4xx_it.c.obj
                0x08003612                HardFault_Handler
 .text.MemManage_Handler
                0x0800361a        0x8 CMakeFiles/led_blink.dir/Core/Src/stm32f4xx_it.c.obj
                0x0800361a                MemManage_Handler
 .text.BusFault_Handler
                0x08003622        0x8 CMakeFiles/led_blink.dir/Core/Src/stm32f4xx_it.c.obj
                0x08003622                BusFault_Handler
 .text.UsageFault_Handler
                0x0800362a        0x8 CMakeFiles/led_blink.dir/Core/Src/stm32f4xx_it.c.obj
                0x0800362a                UsageFault_Handler
 .text.SVC_Handler
                0x08003632        0xe CMakeFiles/led_blink.dir/Core/Src/stm32f4xx_it.c.obj
                0x08003632                SVC_Handler
 .text.DebugMon_Handler
                0x08003640        0xe CMakeFiles/led_blink.dir/Core/Src/stm32f4xx_it.c.obj
                0x08003640                DebugMon_Handler
 .text.PendSV_Handler
                0x0800364e        0xe CMakeFiles/led_blink.dir/Core/Src/stm32f4xx_it.c.obj
                0x0800364e                PendSV_Handler
 .text.SysTick_Handler
                0x0800365c        0xe CMakeFiles/led_blink.dir/Core/Src/stm32f4xx_it.c.obj
                0x0800365c                SysTick_Handler
 *fill*         0x0800366a        0x2 
 .text.SystemInit
                0x0800366c       0x6c CMakeFiles/led_blink.dir/Drivers/CMSIS/Device/ST/STM32F4xx/Source/Templates/system_stm32f4xx.c.obj
                0x0800366c                SystemInit
 .text.SetSysClock
                0x080036d8       0xf8 CMakeFiles/led_blink.dir/Drivers/CMSIS/Device/ST/STM32F4xx/Source/Templates/system_stm32f4xx.c.obj
 .text._getpid  0x080037d0       0x10 CMakeFiles/led_blink.dir/Core/Src/syscalls.c.obj
                0x080037d0                _getpid
 .text._kill    0x080037e0       0x20 CMakeFiles/led_blink.dir/Core/Src/syscalls.c.obj
                0x080037e0                _kill
 .text._exit    0x08003800       0x16 CMakeFiles/led_blink.dir/Core/Src/syscalls.c.obj
                0x08003800                _exit
 .text._read    0x08003816       0x3a CMakeFiles/led_blink.dir/Core/Src/syscalls.c.obj
                0x08003816                _read
 .text._write   0x08003850       0x38 CMakeFiles/led_blink.dir/Core/Src/syscalls.c.obj
                0x08003850                _write
 .text._close   0x08003888       0x18 CMakeFiles/led_blink.dir/Core/Src/syscalls.c.obj
                0x08003888                _close
 .text._fstat   0x080038a0       0x20 CMakeFiles/led_blink.dir/Core/Src/syscalls.c.obj
                0x080038a0                _fstat
 .text._isatty  0x080038c0       0x16 CMakeFiles/led_blink.dir/Core/Src/syscalls.c.obj
                0x080038c0                _isatty
 .text._lseek   0x080038d6       0x1a CMakeFiles/led_blink.dir/Core/Src/syscalls.c.obj
                0x080038d6                _lseek
 .text._sbrk    0x080038f0       0x6c CMakeFiles/led_blink.dir/Core/Src/sysmem.c.obj
                0x080038f0                _sbrk
 .text.__errno  0x0800395c        0xc J:/arm_gcc/arm-gnu-toolchain-14.2.rel1-mingw-w64-i686-arm-none-eabi/bin/../lib/gcc/arm-none-eabi/14.2.1/thumb/v7e-m+fp/hard\libg_nano.a(libc_a-errno.o)
                0x0800395c                __errno
 *(.glue_7)
 .glue_7        0x08003968        0x0 linker stubs
 *(.glue_7t)
 .glue_7t       0x08003968        0x0 linker stubs
 *(.eh_frame)
 .eh_frame      0x08003968        0x0 J:/arm_gcc/arm-gnu-toolchain-14.2.rel1-mingw-w64-i686-arm-none-eabi/bin/../lib/gcc/arm-none-eabi/14.2.1/thumb/v7e-m+fp/hard/crtbegin.o
 *(.init)
 .init          0x08003968        0x4 J:/arm_gcc/arm-gnu-toolchain-14.2.rel1-mingw-w64-i686-arm-none-eabi/bin/../lib/gcc/arm-none-eabi/14.2.1/thumb/v7e-m+fp/hard/crti.o
                0x08003968                _init
 .init          0x0800396c        0x8 J:/arm_gcc/arm-gnu-toolchain-14.2.rel1-mingw-w64-i686-arm-none-eabi/bin/../lib/gcc/arm-none-eabi/14.2.1/thumb/v7e-m+fp/hard/crtn.o
 *(.fini)
 .fini          0x08003974        0x4 J:/arm_gcc/arm-gnu-toolchain-14.2.rel1-mingw-w64-i686-arm-none-eabi/bin/../lib/gcc/arm-none-eabi/14.2.1/thumb/v7e-m+fp/hard/crti.o
                0x08003974                _fini
 .fini          0x08003978        0x8 J:/arm_gcc/arm-gnu-toolchain-14.2.rel1-mingw-w64-i686-arm-none-eabi/bin/../lib/gcc/arm-none-eabi/14.2.1/thumb/v7e-m+fp/hard/crtn.o
                0x08003980                        . = ALIGN (0x4)
                0x08003980                        _etext = .

.vfp11_veneer   0x08003980        0x0
 .vfp11_veneer  0x08003980        0x0 linker stubs

.v4_bx          0x08003980        0x0
 .v4_bx         0x08003980        0x0 linker stubs

.iplt           0x08003980        0x0
 .iplt          0x08003980        0x0 J:/arm_gcc/arm-gnu-toolchain-14.2.rel1-mingw-w64-i686-arm-none-eabi/bin/../lib/gcc/arm-none-eabi/14.2.1/thumb/v7e-m+fp/hard/crtbegin.o

.rodata         0x08003980      0x374
                0x08003980                        . = ALIGN (0x4)
 *(.rodata)
 *(.rodata*)
 .rodata._printf_float.str1.1
                0x08003980      0x173 J:/arm_gcc/arm-gnu-toolchain-14.2.rel1-mingw-w64-i686-arm-none-eabi/bin/../lib/gcc/arm-none-eabi/14.2.1/thumb/v7e-m+fp/hard\libc_nano.a(libc_a-nano-vfprintf_float.o)
                                 0x12 (size before relaxing)
 .rodata._printf_i.str1.1
                0x08003af3       0x22 J:/arm_gcc/arm-gnu-toolchain-14.2.rel1-mingw-w64-i686-arm-none-eabi/bin/../lib/gcc/arm-none-eabi/14.2.1/thumb/v7e-m+fp/hard\libc_nano.a(libc_a-nano-vfprintf_i.o)
 .rodata._dtoa_r.str1.1
                0x08003af3       0x90 J:/arm_gcc/arm-gnu-toolchain-14.2.rel1-mingw-w64-i686-arm-none-eabi/bin/../lib/gcc/arm-none-eabi/14.2.1/thumb/v7e-m+fp/hard\libc_nano.a(libc_a-dtoa.o)
 .rodata._Balloc.str1.1
                0x08003af3       0x71 J:/arm_gcc/arm-gnu-toolchain-14.2.rel1-mingw-w64-i686-arm-none-eabi/bin/../lib/gcc/arm-none-eabi/14.2.1/thumb/v7e-m+fp/hard\libc_nano.a(libc_a-mprec.o)
 .rodata.__multadd.str1.1
                0x08003af3       0x11 J:/arm_gcc/arm-gnu-toolchain-14.2.rel1-mingw-w64-i686-arm-none-eabi/bin/../lib/gcc/arm-none-eabi/14.2.1/thumb/v7e-m+fp/hard\libc_nano.a(libc_a-mprec.o)
 *fill*         0x08003af3        0x1 
 .rodata.p05.0  0x08003af4        0xc J:/arm_gcc/arm-gnu-toolchain-14.2.rel1-mingw-w64-i686-arm-none-eabi/bin/../lib/gcc/arm-none-eabi/14.2.1/thumb/v7e-m+fp/hard\libc_nano.a(libc_a-mprec.o)
 .rodata.__mprec_bigtens
                0x08003b00       0x28 J:/arm_gcc/arm-gnu-toolchain-14.2.rel1-mingw-w64-i686-arm-none-eabi/bin/../lib/gcc/arm-none-eabi/14.2.1/thumb/v7e-m+fp/hard\libc_nano.a(libc_a-mprec.o)
                0x08003b00                __mprec_bigtens
 .rodata.__mprec_tens
                0x08003b28       0xc8 J:/arm_gcc/arm-gnu-toolchain-14.2.rel1-mingw-w64-i686-arm-none-eabi/bin/../lib/gcc/arm-none-eabi/14.2.1/thumb/v7e-m+fp/hard\libc_nano.a(libc_a-mprec.o)
                0x08003b28                __mprec_tens
 .rodata._setlocale_r.str1.1
                0x08003bf0        0x9 J:/arm_gcc/arm-gnu-toolchain-14.2.rel1-mingw-w64-i686-arm-none-eabi/bin/../lib/gcc/arm-none-eabi/14.2.1/thumb/v7e-m+fp/hard\libc_nano.a(libc_a-locale.o)
 .rodata.str1.1
                0x08003bf0        0x2 J:/arm_gcc/arm-gnu-toolchain-14.2.rel1-mingw-w64-i686-arm-none-eabi/bin/../lib/gcc/arm-none-eabi/14.2.1/thumb/v7e-m+fp/hard\libc_nano.a(libc_a-locale.o)
 .rodata.__assert_func.str1.1
                0x08003bf0       0x3d J:/arm_gcc/arm-gnu-toolchain-14.2.rel1-mingw-w64-i686-arm-none-eabi/bin/../lib/gcc/arm-none-eabi/14.2.1/thumb/v7e-m+fp/hard\libc_nano.a(libc_a-assert.o)
 .rodata._ctype_
                0x08003bf0      0x101 J:/arm_gcc/arm-gnu-toolchain-14.2.rel1-mingw-w64-i686-arm-none-eabi/bin/../lib/gcc/arm-none-eabi/14.2.1/thumb/v7e-m+fp/hard\libc_nano.a(libc_a-ctype_.o)
                0x08003bf0                _ctype_
 .rodata._vfprintf_r.str1.1
                0x08003cf1       0x11 J:/arm_gcc/arm-gnu-toolchain-14.2.rel1-mingw-w64-i686-arm-none-eabi/bin/../lib/gcc/arm-none-eabi/14.2.1/thumb/v7e-m+fp/hard\libc_nano.a(libc_a-nano-vfprintf.o)
                0x08003d04                        . = ALIGN (0x4)
 *fill*         0x08003cf1        0x3 

.ARM.extab      0x08003cf4        0x0
                0x08003cf4                        . = ALIGN (0x4)
 *(.ARM.extab* .gnu.linkonce.armextab.*)
                0x08003cf4                        . = ALIGN (0x4)

.ARM            0x08003cf4        0x8
                0x08003cf4                        . = ALIGN (0x4)
                0x08003cf4                        __exidx_start = .
 *(.ARM.exidx*)
 .ARM.exidx     0x08003cf4        0x8 J:/arm_gcc/arm-gnu-toolchain-14.2.rel1-mingw-w64-i686-arm-none-eabi/bin/../lib/gcc/arm-none-eabi/14.2.1/thumb/v7e-m+fp/hard\libc_nano.a(libc_a-memchr.o)
 .ARM.exidx     0x08003cfc        0x0 J:/arm_gcc/arm-gnu-toolchain-14.2.rel1-mingw-w64-i686-arm-none-eabi/bin/../lib/gcc/arm-none-eabi/14.2.1/thumb/v7e-m+fp/hard\libc_nano.a(libc_a-strlen.o)
                                  0x8 (size before relaxing)
                0x08003cfc                        __exidx_end = .
                0x08003cfc                        . = ALIGN (0x4)

.preinit_array  0x08003cfc        0x0
                0x08003cfc                        . = ALIGN (0x4)
                0x08003cfc                        PROVIDE (__preinit_array_start = .)
 *(.preinit_array*)
                0x08003cfc                        PROVIDE (__preinit_array_end = .)
                0x08003cfc                        . = ALIGN (0x4)

.init_array     0x08003cfc        0x4
                0x08003cfc                        . = ALIGN (0x4)
                0x08003cfc                        PROVIDE (__init_array_start = .)
 *(SORT_BY_NAME(.init_array.*))
 *(.init_array*)
 .init_array    0x08003cfc        0x4 J:/arm_gcc/arm-gnu-toolchain-14.2.rel1-mingw-w64-i686-arm-none-eabi/bin/../lib/gcc/arm-none-eabi/14.2.1/thumb/v7e-m+fp/hard/crtbegin.o
                0x08003d00                        PROVIDE (__init_array_end = .)
                0x08003d00                        . = ALIGN (0x4)

.fini_array     0x08003d00        0x4
                0x08003d00                        . = ALIGN (0x4)
                [!provide]                        PROVIDE (__fini_array_start = .)
 *(SORT_BY_NAME(.fini_array.*))
 *(.fini_array*)
 .fini_array    0x08003d00        0x4 J:/arm_gcc/arm-gnu-toolchain-14.2.rel1-mingw-w64-i686-arm-none-eabi/bin/../lib/gcc/arm-none-eabi/14.2.1/thumb/v7e-m+fp/hard/crtbegin.o
                [!provide]                        PROVIDE (__fini_array_end = .)
                0x08003d04                        . = ALIGN (0x4)
                0x08003d04                        _sidata = LOADADDR (.data)

.rel.dyn        0x08003d04        0x0
 .rel.iplt      0x08003d04        0x0 J:/arm_gcc/arm-gnu-toolchain-14.2.rel1-mingw-w64-i686-arm-none-eabi/bin/../lib/gcc/arm-none-eabi/14.2.1/thumb/v7e-m+fp/hard/crtbegin.o

.data           0x20000000      0x1c8 load address 0x08003d04
                0x20000000                        . = ALIGN (0x4)
                0x20000000                        _sdata = .
 *(.data)
 *(.data*)
 .data.__sglue  0x20000000        0xc J:/arm_gcc/arm-gnu-toolchain-14.2.rel1-mingw-w64-i686-arm-none-eabi/bin/../lib/gcc/arm-none-eabi/14.2.1/thumb/v7e-m+fp/hard\libc_nano.a(libc_a-findfp.o)
                0x20000000                __sglue
 .data._impure_ptr
                0x2000000c        0x4 J:/arm_gcc/arm-gnu-toolchain-14.2.rel1-mingw-w64-i686-arm-none-eabi/bin/../lib/gcc/arm-none-eabi/14.2.1/thumb/v7e-m+fp/hard\libc_nano.a(libc_a-impure.o)
                0x2000000c                _impure_ptr
 .data._impure_data
                0x20000010       0x4c J:/arm_gcc/arm-gnu-toolchain-14.2.rel1-mingw-w64-i686-arm-none-eabi/bin/../lib/gcc/arm-none-eabi/14.2.1/thumb/v7e-m+fp/hard\libc_nano.a(libc_a-impure.o)
                0x20000010                _impure_data
 .data.__global_locale
                0x2000005c      0x16c J:/arm_gcc/arm-gnu-toolchain-14.2.rel1-mingw-w64-i686-arm-none-eabi/bin/../lib/gcc/arm-none-eabi/14.2.1/thumb/v7e-m+fp/hard\libc_nano.a(libc_a-locale.o)
                0x2000005c                __global_locale
 *(.RamFunc)
 *(.RamFunc*)
                0x200001c8                        . = ALIGN (0x4)
                0x200001c8                        _edata = .
                0x08003ecc                        _siccmram = LOADADDR (.ccmram)

.tm_clone_table
                0x200001c8        0x0 load address 0x08003ecc
 .tm_clone_table
                0x200001c8        0x0 J:/arm_gcc/arm-gnu-toolchain-14.2.rel1-mingw-w64-i686-arm-none-eabi/bin/../lib/gcc/arm-none-eabi/14.2.1/thumb/v7e-m+fp/hard/crtbegin.o
 .tm_clone_table
                0x200001c8        0x0 J:/arm_gcc/arm-gnu-toolchain-14.2.rel1-mingw-w64-i686-arm-none-eabi/bin/../lib/gcc/arm-none-eabi/14.2.1/thumb/v7e-m+fp/hard/crtend.o

.igot.plt       0x200001c8        0x0 load address 0x08003ecc
 .igot.plt      0x200001c8        0x0 J:/arm_gcc/arm-gnu-toolchain-14.2.rel1-mingw-w64-i686-arm-none-eabi/bin/../lib/gcc/arm-none-eabi/14.2.1/thumb/v7e-m+fp/hard/crtbegin.o

.ccmram         0x10000000        0x0 load address 0x08003ecc
                0x10000000                        . = ALIGN (0x4)
                0x10000000                        _sccmram = .
 *(.ccmram)
 *(.ccmram*)
                0x10000000                        . = ALIGN (0x4)
                0x10000000                        _eccmram = .
                0x10000000                        . = ALIGN (0x4)

.bss            0x200001c8      0x16c
                0x200001c8                        _sbss = .
                0x200001c8                        __bss_start__ = _sbss
 *(.bss)
 *(.bss*)
 .bss.completed.1
                0x200001c8        0x1 J:/arm_gcc/arm-gnu-toolchain-14.2.rel1-mingw-w64-i686-arm-none-eabi/bin/../lib/gcc/arm-none-eabi/14.2.1/thumb/v7e-m+fp/hard/crtbegin.o
 *fill*         0x200001c9        0x3 
 .bss.object.0  0x200001cc       0x18 J:/arm_gcc/arm-gnu-toolchain-14.2.rel1-mingw-w64-i686-arm-none-eabi/bin/../lib/gcc/arm-none-eabi/14.2.1/thumb/v7e-m+fp/hard/crtbegin.o
 .bss.__sf      0x200001e4      0x138 J:/arm_gcc/arm-gnu-toolchain-14.2.rel1-mingw-w64-i686-arm-none-eabi/bin/../lib/gcc/arm-none-eabi/14.2.1/thumb/v7e-m+fp/hard\libc_nano.a(libc_a-findfp.o)
                0x200001e4                __sf
 .bss.__stdio_exit_handler
                0x2000031c        0x4 J:/arm_gcc/arm-gnu-toolchain-14.2.rel1-mingw-w64-i686-arm-none-eabi/bin/../lib/gcc/arm-none-eabi/14.2.1/thumb/v7e-m+fp/hard\libc_nano.a(libc_a-findfp.o)
                0x2000031c                __stdio_exit_handler
 .bss.errno     0x20000320        0x4 J:/arm_gcc/arm-gnu-toolchain-14.2.rel1-mingw-w64-i686-arm-none-eabi/bin/../lib/gcc/arm-none-eabi/14.2.1/thumb/v7e-m+fp/hard\libc_nano.a(libc_a-reent.o)
                0x20000320                errno
 .bss.__lock___malloc_recursive_mutex
                0x20000324        0x1 J:/arm_gcc/arm-gnu-toolchain-14.2.rel1-mingw-w64-i686-arm-none-eabi/bin/../lib/gcc/arm-none-eabi/14.2.1/thumb/v7e-m+fp/hard\libc_nano.a(libc_a-lock.o)
                0x20000324                __lock___malloc_recursive_mutex
 .bss.__lock___sfp_recursive_mutex
                0x20000325        0x1 J:/arm_gcc/arm-gnu-toolchain-14.2.rel1-mingw-w64-i686-arm-none-eabi/bin/../lib/gcc/arm-none-eabi/14.2.1/thumb/v7e-m+fp/hard\libc_nano.a(libc_a-lock.o)
                0x20000325                __lock___sfp_recursive_mutex
 *fill*         0x20000326        0x2 
 .bss.__malloc_sbrk_start
                0x20000328        0x4 J:/arm_gcc/arm-gnu-toolchain-14.2.rel1-mingw-w64-i686-arm-none-eabi/bin/../lib/gcc/arm-none-eabi/14.2.1/thumb/v7e-m+fp/hard\libc_nano.a(libc_a-mallocr.o)
                0x20000328                __malloc_sbrk_start
 .bss.__malloc_free_list
                0x2000032c        0x4 J:/arm_gcc/arm-gnu-toolchain-14.2.rel1-mingw-w64-i686-arm-none-eabi/bin/../lib/gcc/arm-none-eabi/14.2.1/thumb/v7e-m+fp/hard\libc_nano.a(libc_a-mallocr.o)
                0x2000032c                __malloc_free_list
 .bss.__sbrk_heap_end
                0x20000330        0x4 CMakeFiles/led_blink.dir/Core/Src/sysmem.c.obj
 *(COMMON)
                0x20000334                        . = ALIGN (0x4)
                0x20000334                        _ebss = .
                0x20000334                        __bss_end__ = _ebss

._user_heap_stack
                0x20000334      0x604
                0x20000338                        . = ALIGN (0x8)
 *fill*         0x20000334        0x4 
                [!provide]                        PROVIDE (end = .)
                0x20000338                        PROVIDE (_end = .)
                0x20000538                        . = (. + _Min_Heap_Size)
 *fill*         0x20000338      0x200 
                0x20000938                        . = (. + _Min_Stack_Size)
 *fill*         0x20000538      0x400 
                0x20000938                        . = ALIGN (0x8)

/DISCARD/
 libc.a(*)
 libm.a(*)
 libgcc.a(*)
OUTPUT(led_blink.elf elf32-littlearm)
LOAD linker stubs
LOAD J:/arm_gcc/arm-gnu-toolchain-14.2.rel1-mingw-w64-i686-arm-none-eabi/bin/../lib/gcc/arm-none-eabi/14.2.1/thumb/v7e-m+fp/hard\libc.a
LOAD J:/arm_gcc/arm-gnu-toolchain-14.2.rel1-mingw-w64-i686-arm-none-eabi/bin/../lib/gcc/arm-none-eabi/14.2.1/thumb/v7e-m+fp/hard\libm.a
LOAD J:/arm_gcc/arm-gnu-toolchain-14.2.rel1-mingw-w64-i686-arm-none-eabi/bin/../lib/gcc/arm-none-eabi/14.2.1/thumb/v7e-m+fp/hard\libgcc.a

.ARM.attributes
                0x00000000       0x30
 .ARM.attributes
                0x00000000       0x22 J:/arm_gcc/arm-gnu-toolchain-14.2.rel1-mingw-w64-i686-arm-none-eabi/bin/../lib/gcc/arm-none-eabi/14.2.1/thumb/v7e-m+fp/hard/crti.o
 .ARM.attributes
                0x00000022       0x34 J:/arm_gcc/arm-gnu-toolchain-14.2.rel1-mingw-w64-i686-arm-none-eabi/bin/../lib/gcc/arm-none-eabi/14.2.1/thumb/v7e-m+fp/hard/crtbegin.o
 .ARM.attributes
                0x00000056       0x34 J:/arm_gcc/arm-gnu-toolchain-14.2.rel1-mingw-w64-i686-arm-none-eabi/bin/../lib/gcc/arm-none-eabi/14.2.1/thumb/v7e-m+fp/hard\libc_nano.a(libc_a-nano-vfprintf_float.o)
 .ARM.attributes
                0x0000008a       0x34 J:/arm_gcc/arm-gnu-toolchain-14.2.rel1-mingw-w64-i686-arm-none-eabi/bin/../lib/gcc/arm-none-eabi/14.2.1/thumb/v7e-m+fp/hard\libc_nano.a(libc_a-nano-vfprintf_i.o)
 .ARM.attributes
                0x000000be       0x34 J:/arm_gcc/arm-gnu-toolchain-14.2.rel1-mingw-w64-i686-arm-none-eabi/bin/../lib/gcc/arm-none-eabi/14.2.1/thumb/v7e-m+fp/hard\libc_nano.a(libc_a-findfp.o)
 .ARM.attributes
                0x000000f2       0x34 J:/arm_gcc/arm-gnu-toolchain-14.2.rel1-mingw-w64-i686-arm-none-eabi/bin/../lib/gcc/arm-none-eabi/14.2.1/thumb/v7e-m+fp/hard\libc_nano.a(libc_a-fwalk.o)
 .ARM.attributes
                0x00000126       0x34 J:/arm_gcc/arm-gnu-toolchain-14.2.rel1-mingw-w64-i686-arm-none-eabi/bin/../lib/gcc/arm-none-eabi/14.2.1/thumb/v7e-m+fp/hard\libc_nano.a(libc_a-stdio.o)
 .ARM.attributes
                0x0000015a       0x34 J:/arm_gcc/arm-gnu-toolchain-14.2.rel1-mingw-w64-i686-arm-none-eabi/bin/../lib/gcc/arm-none-eabi/14.2.1/thumb/v7e-m+fp/hard\libc_nano.a(libc_a-memset.o)
 .ARM.attributes
                0x0000018e       0x34 J:/arm_gcc/arm-gnu-toolchain-14.2.rel1-mingw-w64-i686-arm-none-eabi/bin/../lib/gcc/arm-none-eabi/14.2.1/thumb/v7e-m+fp/hard\libc_nano.a(libc_a-localeconv.o)
 .ARM.attributes
                0x000001c2       0x34 J:/arm_gcc/arm-gnu-toolchain-14.2.rel1-mingw-w64-i686-arm-none-eabi/bin/../lib/gcc/arm-none-eabi/14.2.1/thumb/v7e-m+fp/hard\libc_nano.a(libc_a-closer.o)
 .ARM.attributes
                0x000001f6       0x34 J:/arm_gcc/arm-gnu-toolchain-14.2.rel1-mingw-w64-i686-arm-none-eabi/bin/../lib/gcc/arm-none-eabi/14.2.1/thumb/v7e-m+fp/hard\libc_nano.a(libc_a-reent.o)
 .ARM.attributes
                0x0000022a       0x34 J:/arm_gcc/arm-gnu-toolchain-14.2.rel1-mingw-w64-i686-arm-none-eabi/bin/../lib/gcc/arm-none-eabi/14.2.1/thumb/v7e-m+fp/hard\libc_nano.a(libc_a-impure.o)
 .ARM.attributes
                0x0000025e       0x34 J:/arm_gcc/arm-gnu-toolchain-14.2.rel1-mingw-w64-i686-arm-none-eabi/bin/../lib/gcc/arm-none-eabi/14.2.1/thumb/v7e-m+fp/hard\libc_nano.a(libc_a-lseekr.o)
 .ARM.attributes
                0x00000292       0x34 J:/arm_gcc/arm-gnu-toolchain-14.2.rel1-mingw-w64-i686-arm-none-eabi/bin/../lib/gcc/arm-none-eabi/14.2.1/thumb/v7e-m+fp/hard\libc_nano.a(libc_a-readr.o)
 .ARM.attributes
                0x000002c6       0x34 J:/arm_gcc/arm-gnu-toolchain-14.2.rel1-mingw-w64-i686-arm-none-eabi/bin/../lib/gcc/arm-none-eabi/14.2.1/thumb/v7e-m+fp/hard\libc_nano.a(libc_a-writer.o)
 .ARM.attributes
                0x000002fa       0x34 J:/arm_gcc/arm-gnu-toolchain-14.2.rel1-mingw-w64-i686-arm-none-eabi/bin/../lib/gcc/arm-none-eabi/14.2.1/thumb/v7e-m+fp/hard\libc_nano.a(libc_a-lock.o)
 .ARM.attributes
                0x0000032e       0x1c J:/arm_gcc/arm-gnu-toolchain-14.2.rel1-mingw-w64-i686-arm-none-eabi/bin/../lib/gcc/arm-none-eabi/14.2.1/thumb/v7e-m+fp/hard\libc_nano.a(libc_a-memchr.o)
 .ARM.attributes
                0x0000034a       0x17 J:/arm_gcc/arm-gnu-toolchain-14.2.rel1-mingw-w64-i686-arm-none-eabi/bin/../lib/gcc/arm-none-eabi/14.2.1/thumb/v7e-m+fp/hard\libc_nano.a(libc_a-strlen.o)
 .ARM.attributes
                0x00000361       0x34 J:/arm_gcc/arm-gnu-toolchain-14.2.rel1-mingw-w64-i686-arm-none-eabi/bin/../lib/gcc/arm-none-eabi/14.2.1/thumb/v7e-m+fp/hard\libc_nano.a(libc_a-dtoa.o)
 .ARM.attributes
                0x00000395       0x34 J:/arm_gcc/arm-gnu-toolchain-14.2.rel1-mingw-w64-i686-arm-none-eabi/bin/../lib/gcc/arm-none-eabi/14.2.1/thumb/v7e-m+fp/hard\libc_nano.a(libc_a-freer.o)
 .ARM.attributes
                0x000003c9       0x34 J:/arm_gcc/arm-gnu-toolchain-14.2.rel1-mingw-w64-i686-arm-none-eabi/bin/../lib/gcc/arm-none-eabi/14.2.1/thumb/v7e-m+fp/hard\libc_nano.a(libc_a-malloc.o)
 .ARM.attributes
                0x000003fd       0x34 J:/arm_gcc/arm-gnu-toolchain-14.2.rel1-mingw-w64-i686-arm-none-eabi/bin/../lib/gcc/arm-none-eabi/14.2.1/thumb/v7e-m+fp/hard\libc_nano.a(libc_a-mallocr.o)
 .ARM.attributes
                0x00000431       0x34 J:/arm_gcc/arm-gnu-toolchain-14.2.rel1-mingw-w64-i686-arm-none-eabi/bin/../lib/gcc/arm-none-eabi/14.2.1/thumb/v7e-m+fp/hard\libc_nano.a(libc_a-mlock.o)
 .ARM.attributes
                0x00000465       0x34 J:/arm_gcc/arm-gnu-toolchain-14.2.rel1-mingw-w64-i686-arm-none-eabi/bin/../lib/gcc/arm-none-eabi/14.2.1/thumb/v7e-m+fp/hard\libc_nano.a(libc_a-mprec.o)
 .ARM.attributes
                0x00000499       0x34 J:/arm_gcc/arm-gnu-toolchain-14.2.rel1-mingw-w64-i686-arm-none-eabi/bin/../lib/gcc/arm-none-eabi/14.2.1/thumb/v7e-m+fp/hard\libc_nano.a(libc_a-fflush.o)
 .ARM.attributes
                0x000004cd       0x34 J:/arm_gcc/arm-gnu-toolchain-14.2.rel1-mingw-w64-i686-arm-none-eabi/bin/../lib/gcc/arm-none-eabi/14.2.1/thumb/v7e-m+fp/hard\libc_nano.a(libc_a-locale.o)
 .ARM.attributes
                0x00000501       0x34 J:/arm_gcc/arm-gnu-toolchain-14.2.rel1-mingw-w64-i686-arm-none-eabi/bin/../lib/gcc/arm-none-eabi/14.2.1/thumb/v7e-m+fp/hard\libc_nano.a(libc_a-sbrkr.o)
 .ARM.attributes
                0x00000535       0x34 J:/arm_gcc/arm-gnu-toolchain-14.2.rel1-mingw-w64-i686-arm-none-eabi/bin/../lib/gcc/arm-none-eabi/14.2.1/thumb/v7e-m+fp/hard\libc_nano.a(libc_a-memcpy-stub.o)
 .ARM.attributes
                0x00000569       0x34 J:/arm_gcc/arm-gnu-toolchain-14.2.rel1-mingw-w64-i686-arm-none-eabi/bin/../lib/gcc/arm-none-eabi/14.2.1/thumb/v7e-m+fp/hard\libc_nano.a(libc_a-assert.o)
 .ARM.attributes
                0x0000059d       0x34 J:/arm_gcc/arm-gnu-toolchain-14.2.rel1-mingw-w64-i686-arm-none-eabi/bin/../lib/gcc/arm-none-eabi/14.2.1/thumb/v7e-m+fp/hard\libc_nano.a(libc_a-callocr.o)
 .ARM.attributes
                0x000005d1       0x34 J:/arm_gcc/arm-gnu-toolchain-14.2.rel1-mingw-w64-i686-arm-none-eabi/bin/../lib/gcc/arm-none-eabi/14.2.1/thumb/v7e-m+fp/hard\libc_nano.a(libc_a-mbtowc_r.o)
 .ARM.attributes
                0x00000605       0x34 J:/arm_gcc/arm-gnu-toolchain-14.2.rel1-mingw-w64-i686-arm-none-eabi/bin/../lib/gcc/arm-none-eabi/14.2.1/thumb/v7e-m+fp/hard\libc_nano.a(libc_a-wctomb_r.o)
 .ARM.attributes
                0x00000639       0x34 J:/arm_gcc/arm-gnu-toolchain-14.2.rel1-mingw-w64-i686-arm-none-eabi/bin/../lib/gcc/arm-none-eabi/14.2.1/thumb/v7e-m+fp/hard\libc_nano.a(libc_a-ctype_.o)
 .ARM.attributes
                0x0000066d       0x34 J:/arm_gcc/arm-gnu-toolchain-14.2.rel1-mingw-w64-i686-arm-none-eabi/bin/../lib/gcc/arm-none-eabi/14.2.1/thumb/v7e-m+fp/hard\libc_nano.a(libc_a-fprintf.o)
 .ARM.attributes
                0x000006a1       0x34 J:/arm_gcc/arm-gnu-toolchain-14.2.rel1-mingw-w64-i686-arm-none-eabi/bin/../lib/gcc/arm-none-eabi/14.2.1/thumb/v7e-m+fp/hard\libc_nano.a(libc_a-abort.o)
 .ARM.attributes
                0x000006d5       0x34 J:/arm_gcc/arm-gnu-toolchain-14.2.rel1-mingw-w64-i686-arm-none-eabi/bin/../lib/gcc/arm-none-eabi/14.2.1/thumb/v7e-m+fp/hard\libc_nano.a(libc_a-nano-vfprintf.o)
 .ARM.attributes
                0x00000709       0x34 J:/arm_gcc/arm-gnu-toolchain-14.2.rel1-mingw-w64-i686-arm-none-eabi/bin/../lib/gcc/arm-none-eabi/14.2.1/thumb/v7e-m+fp/hard\libc_nano.a(libc_a-wbuf.o)
 .ARM.attributes
                0x0000073d       0x34 J:/arm_gcc/arm-gnu-toolchain-14.2.rel1-mingw-w64-i686-arm-none-eabi/bin/../lib/gcc/arm-none-eabi/14.2.1/thumb/v7e-m+fp/hard\libc_nano.a(libc_a-wsetup.o)
 .ARM.attributes
                0x00000771       0x34 J:/arm_gcc/arm-gnu-toolchain-14.2.rel1-mingw-w64-i686-arm-none-eabi/bin/../lib/gcc/arm-none-eabi/14.2.1/thumb/v7e-m+fp/hard\libc_nano.a(libc_a-signal.o)
 .ARM.attributes
                0x000007a5       0x34 J:/arm_gcc/arm-gnu-toolchain-14.2.rel1-mingw-w64-i686-arm-none-eabi/bin/../lib/gcc/arm-none-eabi/14.2.1/thumb/v7e-m+fp/hard\libc_nano.a(libc_a-signalr.o)
 .ARM.attributes
                0x000007d9       0x34 J:/arm_gcc/arm-gnu-toolchain-14.2.rel1-mingw-w64-i686-arm-none-eabi/bin/../lib/gcc/arm-none-eabi/14.2.1/thumb/v7e-m+fp/hard\libc_nano.a(libc_a-makebuf.o)
 .ARM.attributes
                0x0000080d       0x34 J:/arm_gcc/arm-gnu-toolchain-14.2.rel1-mingw-w64-i686-arm-none-eabi/bin/../lib/gcc/arm-none-eabi/14.2.1/thumb/v7e-m+fp/hard\libc_nano.a(libc_a-fstatr.o)
 .ARM.attributes
                0x00000841       0x34 J:/arm_gcc/arm-gnu-toolchain-14.2.rel1-mingw-w64-i686-arm-none-eabi/bin/../lib/gcc/arm-none-eabi/14.2.1/thumb/v7e-m+fp/hard\libc_nano.a(libc_a-isattyr.o)
 .ARM.attributes
                0x00000875       0x21 CMakeFiles/led_blink.dir/Drivers/CMSIS/Device/ST/STM32F4xx/Source/gcc_ride7/startup_stm32f40_41xxx.s.obj
 .ARM.attributes
                0x00000896       0x34 CMakeFiles/led_blink.dir/Core/Src/main.c.obj
 .ARM.attributes
                0x000008ca       0x34 CMakeFiles/led_blink.dir/Core/Src/stm32f4xx_it.c.obj
 .ARM.attributes
                0x000008fe       0x34 CMakeFiles/led_blink.dir/Drivers/CMSIS/Device/ST/STM32F4xx/Source/Templates/system_stm32f4xx.c.obj
 .ARM.attributes
                0x00000932       0x34 CMakeFiles/led_blink.dir/Core/Src/syscalls.c.obj
 .ARM.attributes
                0x00000966       0x34 CMakeFiles/led_blink.dir/Core/Src/sysmem.c.obj
 .ARM.attributes
                0x0000099a       0x22 J:/arm_gcc/arm-gnu-toolchain-14.2.rel1-mingw-w64-i686-arm-none-eabi/bin/../lib/gcc/arm-none-eabi/14.2.1/thumb/v7e-m+fp/hard\libgcc.a(_arm_addsubdf3.o)
 .ARM.attributes
                0x000009bc       0x22 J:/arm_gcc/arm-gnu-toolchain-14.2.rel1-mingw-w64-i686-arm-none-eabi/bin/../lib/gcc/arm-none-eabi/14.2.1/thumb/v7e-m+fp/hard\libgcc.a(_arm_muldivdf3.o)
 .ARM.attributes
                0x000009de       0x22 J:/arm_gcc/arm-gnu-toolchain-14.2.rel1-mingw-w64-i686-arm-none-eabi/bin/../lib/gcc/arm-none-eabi/14.2.1/thumb/v7e-m+fp/hard\libgcc.a(_arm_cmpdf2.o)
 .ARM.attributes
                0x00000a00       0x22 J:/arm_gcc/arm-gnu-toolchain-14.2.rel1-mingw-w64-i686-arm-none-eabi/bin/../lib/gcc/arm-none-eabi/14.2.1/thumb/v7e-m+fp/hard\libgcc.a(_arm_unorddf2.o)
 .ARM.attributes
                0x00000a22       0x22 J:/arm_gcc/arm-gnu-toolchain-14.2.rel1-mingw-w64-i686-arm-none-eabi/bin/../lib/gcc/arm-none-eabi/14.2.1/thumb/v7e-m+fp/hard\libgcc.a(_arm_fixdfsi.o)
 .ARM.attributes
                0x00000a44       0x34 J:/arm_gcc/arm-gnu-toolchain-14.2.rel1-mingw-w64-i686-arm-none-eabi/bin/../lib/gcc/arm-none-eabi/14.2.1/thumb/v7e-m+fp/hard\libg_nano.a(libc_a-errno.o)
 .ARM.attributes
                0x00000a78       0x34 J:/arm_gcc/arm-gnu-toolchain-14.2.rel1-mingw-w64-i686-arm-none-eabi/bin/../lib/gcc/arm-none-eabi/14.2.1/thumb/v7e-m+fp/hard/crtend.o
 .ARM.attributes
                0x00000aac       0x22 J:/arm_gcc/arm-gnu-toolchain-14.2.rel1-mingw-w64-i686-arm-none-eabi/bin/../lib/gcc/arm-none-eabi/14.2.1/thumb/v7e-m+fp/hard/crtn.o

.comment        0x00000000       0x45
 .comment       0x00000000       0x45 CMakeFiles/led_blink.dir/Core/Src/main.c.obj
                                 0x46 (size before relaxing)
 .comment       0x00000045       0x46 CMakeFiles/led_blink.dir/Core/Src/stm32f4xx_it.c.obj
 .comment       0x00000045       0x46 CMakeFiles/led_blink.dir/Drivers/CMSIS/Device/ST/STM32F4xx/Source/Templates/system_stm32f4xx.c.obj
 .comment       0x00000045       0x46 CMakeFiles/led_blink.dir/Core/Src/syscalls.c.obj
 .comment       0x00000045       0x46 CMakeFiles/led_blink.dir/Core/Src/sysmem.c.obj

.debug_frame    0x00000000     0x1530
 .debug_frame   0x00000000       0x90 J:/arm_gcc/arm-gnu-toolchain-14.2.rel1-mingw-w64-i686-arm-none-eabi/bin/../lib/gcc/arm-none-eabi/14.2.1/thumb/v7e-m+fp/hard\libc_nano.a(libc_a-nano-vfprintf_float.o)
 .debug_frame   0x00000090       0x60 J:/arm_gcc/arm-gnu-toolchain-14.2.rel1-mingw-w64-i686-arm-none-eabi/bin/../lib/gcc/arm-none-eabi/14.2.1/thumb/v7e-m+fp/hard\libc_nano.a(libc_a-nano-vfprintf_i.o)
 .debug_frame   0x000000f0      0x144 J:/arm_gcc/arm-gnu-toolchain-14.2.rel1-mingw-w64-i686-arm-none-eabi/bin/../lib/gcc/arm-none-eabi/14.2.1/thumb/v7e-m+fp/hard\libc_nano.a(libc_a-findfp.o)
 .debug_frame   0x00000234       0x34 J:/arm_gcc/arm-gnu-toolchain-14.2.rel1-mingw-w64-i686-arm-none-eabi/bin/../lib/gcc/arm-none-eabi/14.2.1/thumb/v7e-m+fp/hard\libc_nano.a(libc_a-fwalk.o)
 .debug_frame   0x00000268       0x88 J:/arm_gcc/arm-gnu-toolchain-14.2.rel1-mingw-w64-i686-arm-none-eabi/bin/../lib/gcc/arm-none-eabi/14.2.1/thumb/v7e-m+fp/hard\libc_nano.a(libc_a-stdio.o)
 .debug_frame   0x000002f0       0x20 J:/arm_gcc/arm-gnu-toolchain-14.2.rel1-mingw-w64-i686-arm-none-eabi/bin/../lib/gcc/arm-none-eabi/14.2.1/thumb/v7e-m+fp/hard\libc_nano.a(libc_a-memset.o)
 .debug_frame   0x00000310       0x40 J:/arm_gcc/arm-gnu-toolchain-14.2.rel1-mingw-w64-i686-arm-none-eabi/bin/../lib/gcc/arm-none-eabi/14.2.1/thumb/v7e-m+fp/hard\libc_nano.a(libc_a-localeconv.o)
 .debug_frame   0x00000350       0x2c J:/arm_gcc/arm-gnu-toolchain-14.2.rel1-mingw-w64-i686-arm-none-eabi/bin/../lib/gcc/arm-none-eabi/14.2.1/thumb/v7e-m+fp/hard\libc_nano.a(libc_a-closer.o)
 .debug_frame   0x0000037c       0x38 J:/arm_gcc/arm-gnu-toolchain-14.2.rel1-mingw-w64-i686-arm-none-eabi/bin/../lib/gcc/arm-none-eabi/14.2.1/thumb/v7e-m+fp/hard\libc_nano.a(libc_a-reent.o)
 .debug_frame   0x000003b4       0x2c J:/arm_gcc/arm-gnu-toolchain-14.2.rel1-mingw-w64-i686-arm-none-eabi/bin/../lib/gcc/arm-none-eabi/14.2.1/thumb/v7e-m+fp/hard\libc_nano.a(libc_a-lseekr.o)
 .debug_frame   0x000003e0       0x2c J:/arm_gcc/arm-gnu-toolchain-14.2.rel1-mingw-w64-i686-arm-none-eabi/bin/../lib/gcc/arm-none-eabi/14.2.1/thumb/v7e-m+fp/hard\libc_nano.a(libc_a-readr.o)
 .debug_frame   0x0000040c       0x2c J:/arm_gcc/arm-gnu-toolchain-14.2.rel1-mingw-w64-i686-arm-none-eabi/bin/../lib/gcc/arm-none-eabi/14.2.1/thumb/v7e-m+fp/hard\libc_nano.a(libc_a-writer.o)
 .debug_frame   0x00000438       0xb0 J:/arm_gcc/arm-gnu-toolchain-14.2.rel1-mingw-w64-i686-arm-none-eabi/bin/../lib/gcc/arm-none-eabi/14.2.1/thumb/v7e-m+fp/hard\libc_nano.a(libc_a-lock.o)
 .debug_frame   0x000004e8       0x4c J:/arm_gcc/arm-gnu-toolchain-14.2.rel1-mingw-w64-i686-arm-none-eabi/bin/../lib/gcc/arm-none-eabi/14.2.1/thumb/v7e-m+fp/hard\libc_nano.a(libc_a-memchr.o)
 .debug_frame   0x00000534       0x20 J:/arm_gcc/arm-gnu-toolchain-14.2.rel1-mingw-w64-i686-arm-none-eabi/bin/../lib/gcc/arm-none-eabi/14.2.1/thumb/v7e-m+fp/hard\libc_nano.a(libc_a-strlen.o)
 .debug_frame   0x00000554       0x6c J:/arm_gcc/arm-gnu-toolchain-14.2.rel1-mingw-w64-i686-arm-none-eabi/bin/../lib/gcc/arm-none-eabi/14.2.1/thumb/v7e-m+fp/hard\libc_nano.a(libc_a-dtoa.o)
 .debug_frame   0x000005c0       0x38 J:/arm_gcc/arm-gnu-toolchain-14.2.rel1-mingw-w64-i686-arm-none-eabi/bin/../lib/gcc/arm-none-eabi/14.2.1/thumb/v7e-m+fp/hard\libc_nano.a(libc_a-freer.o)
 .debug_frame   0x000005f8       0x30 J:/arm_gcc/arm-gnu-toolchain-14.2.rel1-mingw-w64-i686-arm-none-eabi/bin/../lib/gcc/arm-none-eabi/14.2.1/thumb/v7e-m+fp/hard\libc_nano.a(libc_a-malloc.o)
 .debug_frame   0x00000628       0x50 J:/arm_gcc/arm-gnu-toolchain-14.2.rel1-mingw-w64-i686-arm-none-eabi/bin/../lib/gcc/arm-none-eabi/14.2.1/thumb/v7e-m+fp/hard\libc_nano.a(libc_a-mallocr.o)
 .debug_frame   0x00000678       0x30 J:/arm_gcc/arm-gnu-toolchain-14.2.rel1-mingw-w64-i686-arm-none-eabi/bin/../lib/gcc/arm-none-eabi/14.2.1/thumb/v7e-m+fp/hard\libc_nano.a(libc_a-mlock.o)
 .debug_frame   0x000006a8      0x264 J:/arm_gcc/arm-gnu-toolchain-14.2.rel1-mingw-w64-i686-arm-none-eabi/bin/../lib/gcc/arm-none-eabi/14.2.1/thumb/v7e-m+fp/hard\libc_nano.a(libc_a-mprec.o)
 .debug_frame   0x0000090c       0x5c J:/arm_gcc/arm-gnu-toolchain-14.2.rel1-mingw-w64-i686-arm-none-eabi/bin/../lib/gcc/arm-none-eabi/14.2.1/thumb/v7e-m+fp/hard\libc_nano.a(libc_a-fflush.o)
 .debug_frame   0x00000968       0x48 J:/arm_gcc/arm-gnu-toolchain-14.2.rel1-mingw-w64-i686-arm-none-eabi/bin/../lib/gcc/arm-none-eabi/14.2.1/thumb/v7e-m+fp/hard\libc_nano.a(libc_a-locale.o)
 .debug_frame   0x000009b0       0x2c J:/arm_gcc/arm-gnu-toolchain-14.2.rel1-mingw-w64-i686-arm-none-eabi/bin/../lib/gcc/arm-none-eabi/14.2.1/thumb/v7e-m+fp/hard\libc_nano.a(libc_a-sbrkr.o)
 .debug_frame   0x000009dc       0x28 J:/arm_gcc/arm-gnu-toolchain-14.2.rel1-mingw-w64-i686-arm-none-eabi/bin/../lib/gcc/arm-none-eabi/14.2.1/thumb/v7e-m+fp/hard\libc_nano.a(libc_a-memcpy-stub.o)
 .debug_frame   0x00000a04       0x40 J:/arm_gcc/arm-gnu-toolchain-14.2.rel1-mingw-w64-i686-arm-none-eabi/bin/../lib/gcc/arm-none-eabi/14.2.1/thumb/v7e-m+fp/hard\libc_nano.a(libc_a-assert.o)
 .debug_frame   0x00000a44       0x2c J:/arm_gcc/arm-gnu-toolchain-14.2.rel1-mingw-w64-i686-arm-none-eabi/bin/../lib/gcc/arm-none-eabi/14.2.1/thumb/v7e-m+fp/hard\libc_nano.a(libc_a-callocr.o)
 .debug_frame   0x00000a70       0x48 J:/arm_gcc/arm-gnu-toolchain-14.2.rel1-mingw-w64-i686-arm-none-eabi/bin/../lib/gcc/arm-none-eabi/14.2.1/thumb/v7e-m+fp/hard\libc_nano.a(libc_a-mbtowc_r.o)
 .debug_frame   0x00000ab8       0x3c J:/arm_gcc/arm-gnu-toolchain-14.2.rel1-mingw-w64-i686-arm-none-eabi/bin/../lib/gcc/arm-none-eabi/14.2.1/thumb/v7e-m+fp/hard\libc_nano.a(libc_a-wctomb_r.o)
 .debug_frame   0x00000af4       0x64 J:/arm_gcc/arm-gnu-toolchain-14.2.rel1-mingw-w64-i686-arm-none-eabi/bin/../lib/gcc/arm-none-eabi/14.2.1/thumb/v7e-m+fp/hard\libc_nano.a(libc_a-fprintf.o)
 .debug_frame   0x00000b58       0x28 J:/arm_gcc/arm-gnu-toolchain-14.2.rel1-mingw-w64-i686-arm-none-eabi/bin/../lib/gcc/arm-none-eabi/14.2.1/thumb/v7e-m+fp/hard\libc_nano.a(libc_a-abort.o)
 .debug_frame   0x00000b80       0xa8 J:/arm_gcc/arm-gnu-toolchain-14.2.rel1-mingw-w64-i686-arm-none-eabi/bin/../lib/gcc/arm-none-eabi/14.2.1/thumb/v7e-m+fp/hard\libc_nano.a(libc_a-nano-vfprintf.o)
 .debug_frame   0x00000c28       0x40 J:/arm_gcc/arm-gnu-toolchain-14.2.rel1-mingw-w64-i686-arm-none-eabi/bin/../lib/gcc/arm-none-eabi/14.2.1/thumb/v7e-m+fp/hard\libc_nano.a(libc_a-wbuf.o)
 .debug_frame   0x00000c68       0x2c J:/arm_gcc/arm-gnu-toolchain-14.2.rel1-mingw-w64-i686-arm-none-eabi/bin/../lib/gcc/arm-none-eabi/14.2.1/thumb/v7e-m+fp/hard\libc_nano.a(libc_a-wsetup.o)
 .debug_frame   0x00000c94       0xcc J:/arm_gcc/arm-gnu-toolchain-14.2.rel1-mingw-w64-i686-arm-none-eabi/bin/../lib/gcc/arm-none-eabi/14.2.1/thumb/v7e-m+fp/hard\libc_nano.a(libc_a-signal.o)
 .debug_frame   0x00000d60       0x3c J:/arm_gcc/arm-gnu-toolchain-14.2.rel1-mingw-w64-i686-arm-none-eabi/bin/../lib/gcc/arm-none-eabi/14.2.1/thumb/v7e-m+fp/hard\libc_nano.a(libc_a-signalr.o)
 .debug_frame   0x00000d9c       0x58 J:/arm_gcc/arm-gnu-toolchain-14.2.rel1-mingw-w64-i686-arm-none-eabi/bin/../lib/gcc/arm-none-eabi/14.2.1/thumb/v7e-m+fp/hard\libc_nano.a(libc_a-makebuf.o)
 .debug_frame   0x00000df4       0x2c J:/arm_gcc/arm-gnu-toolchain-14.2.rel1-mingw-w64-i686-arm-none-eabi/bin/../lib/gcc/arm-none-eabi/14.2.1/thumb/v7e-m+fp/hard\libc_nano.a(libc_a-fstatr.o)
 .debug_frame   0x00000e20       0x2c J:/arm_gcc/arm-gnu-toolchain-14.2.rel1-mingw-w64-i686-arm-none-eabi/bin/../lib/gcc/arm-none-eabi/14.2.1/thumb/v7e-m+fp/hard\libc_nano.a(libc_a-isattyr.o)
 .debug_frame   0x00000e4c       0x54 CMakeFiles/led_blink.dir/Core/Src/main.c.obj
 .debug_frame   0x00000ea0      0x110 CMakeFiles/led_blink.dir/Core/Src/stm32f4xx_it.c.obj
 .debug_frame   0x00000fb0       0x7c CMakeFiles/led_blink.dir/Drivers/CMSIS/Device/ST/STM32F4xx/Source/Templates/system_stm32f4xx.c.obj
 .debug_frame   0x0000102c      0x2ac CMakeFiles/led_blink.dir/Core/Src/syscalls.c.obj
 .debug_frame   0x000012d8       0x34 CMakeFiles/led_blink.dir/Core/Src/sysmem.c.obj
 .debug_frame   0x0000130c       0xac J:/arm_gcc/arm-gnu-toolchain-14.2.rel1-mingw-w64-i686-arm-none-eabi/bin/../lib/gcc/arm-none-eabi/14.2.1/thumb/v7e-m+fp/hard\libgcc.a(_arm_addsubdf3.o)
 .debug_frame   0x000013b8       0x50 J:/arm_gcc/arm-gnu-toolchain-14.2.rel1-mingw-w64-i686-arm-none-eabi/bin/../lib/gcc/arm-none-eabi/14.2.1/thumb/v7e-m+fp/hard\libgcc.a(_arm_muldivdf3.o)
 .debug_frame   0x00001408       0xc4 J:/arm_gcc/arm-gnu-toolchain-14.2.rel1-mingw-w64-i686-arm-none-eabi/bin/../lib/gcc/arm-none-eabi/14.2.1/thumb/v7e-m+fp/hard\libgcc.a(_arm_cmpdf2.o)
 .debug_frame   0x000014cc       0x20 J:/arm_gcc/arm-gnu-toolchain-14.2.rel1-mingw-w64-i686-arm-none-eabi/bin/../lib/gcc/arm-none-eabi/14.2.1/thumb/v7e-m+fp/hard\libgcc.a(_arm_unorddf2.o)
 .debug_frame   0x000014ec       0x24 J:/arm_gcc/arm-gnu-toolchain-14.2.rel1-mingw-w64-i686-arm-none-eabi/bin/../lib/gcc/arm-none-eabi/14.2.1/thumb/v7e-m+fp/hard\libgcc.a(_arm_fixdfsi.o)
 .debug_frame   0x00001510       0x20 J:/arm_gcc/arm-gnu-toolchain-14.2.rel1-mingw-w64-i686-arm-none-eabi/bin/../lib/gcc/arm-none-eabi/14.2.1/thumb/v7e-m+fp/hard\libg_nano.a(libc_a-errno.o)

.debug_line_str
                0x00000000      0x27a
 .debug_line_str
                0x00000000      0x27a J:/arm_gcc/arm-gnu-toolchain-14.2.rel1-mingw-w64-i686-arm-none-eabi/bin/../lib/gcc/arm-none-eabi/14.2.1/thumb/v7e-m+fp/hard\libc_nano.a(libc_a-memchr.o)
                                 0xe1 (size before relaxing)
 .debug_line_str
                0x0000027a       0xeb J:/arm_gcc/arm-gnu-toolchain-14.2.rel1-mingw-w64-i686-arm-none-eabi/bin/../lib/gcc/arm-none-eabi/14.2.1/thumb/v7e-m+fp/hard\libc_nano.a(libc_a-strlen.o)
 .debug_line_str
                0x0000027a       0xb8 CMakeFiles/led_blink.dir/Drivers/CMSIS/Device/ST/STM32F4xx/Source/gcc_ride7/startup_stm32f40_41xxx.s.obj
 .debug_line_str
                0x0000027a       0xce J:/arm_gcc/arm-gnu-toolchain-14.2.rel1-mingw-w64-i686-arm-none-eabi/bin/../lib/gcc/arm-none-eabi/14.2.1/thumb/v7e-m+fp/hard\libgcc.a(_arm_addsubdf3.o)
 .debug_line_str
                0x0000027a       0xce J:/arm_gcc/arm-gnu-toolchain-14.2.rel1-mingw-w64-i686-arm-none-eabi/bin/../lib/gcc/arm-none-eabi/14.2.1/thumb/v7e-m+fp/hard\libgcc.a(_arm_muldivdf3.o)
 .debug_line_str
                0x0000027a       0xce J:/arm_gcc/arm-gnu-toolchain-14.2.rel1-mingw-w64-i686-arm-none-eabi/bin/../lib/gcc/arm-none-eabi/14.2.1/thumb/v7e-m+fp/hard\libgcc.a(_arm_cmpdf2.o)
 .debug_line_str
                0x0000027a       0xce J:/arm_gcc/arm-gnu-toolchain-14.2.rel1-mingw-w64-i686-arm-none-eabi/bin/../lib/gcc/arm-none-eabi/14.2.1/thumb/v7e-m+fp/hard\libgcc.a(_arm_unorddf2.o)
 .debug_line_str
                0x0000027a       0xce J:/arm_gcc/arm-gnu-toolchain-14.2.rel1-mingw-w64-i686-arm-none-eabi/bin/../lib/gcc/arm-none-eabi/14.2.1/thumb/v7e-m+fp/hard\libgcc.a(_arm_fixdfsi.o)

.debug_line     0x00000000     0x1f10
 .debug_line    0x00000000       0x75 CMakeFiles/led_blink.dir/Drivers/CMSIS/Device/ST/STM32F4xx/Source/gcc_ride7/startup_stm32f40_41xxx.s.obj
 .debug_line    0x00000075      0x68d CMakeFiles/led_blink.dir/Core/Src/main.c.obj
 .debug_line    0x00000702      0x6d3 CMakeFiles/led_blink.dir/Core/Src/stm32f4xx_it.c.obj
 .debug_line    0x00000dd5      0x7dd CMakeFiles/led_blink.dir/Drivers/CMSIS/Device/ST/STM32F4xx/Source/Templates/system_stm32f4xx.c.obj
 .debug_line    0x000015b2      0x641 CMakeFiles/led_blink.dir/Core/Src/syscalls.c.obj
 .debug_line    0x00001bf3      0x31d CMakeFiles/led_blink.dir/Core/Src/sysmem.c.obj

.debug_info     0x00000000      0xff7
 .debug_info    0x00000000       0x30 CMakeFiles/led_blink.dir/Drivers/CMSIS/Device/ST/STM32F4xx/Source/gcc_ride7/startup_stm32f40_41xxx.s.obj
 .debug_info    0x00000030       0xc6 CMakeFiles/led_blink.dir/Core/Src/main.c.obj
 .debug_info    0x000000f6      0x101 CMakeFiles/led_blink.dir/Core/Src/stm32f4xx_it.c.obj
 .debug_info    0x000001f7      0x5f5 CMakeFiles/led_blink.dir/Drivers/CMSIS/Device/ST/STM32F4xx/Source/Templates/system_stm32f4xx.c.obj
 .debug_info    0x000007ec      0x6a3 CMakeFiles/led_blink.dir/Core/Src/syscalls.c.obj
 .debug_info    0x00000e8f      0x168 CMakeFiles/led_blink.dir/Core/Src/sysmem.c.obj

.debug_abbrev   0x00000000      0x4cd
 .debug_abbrev  0x00000000       0x24 CMakeFiles/led_blink.dir/Drivers/CMSIS/Device/ST/STM32F4xx/Source/gcc_ride7/startup_stm32f40_41xxx.s.obj
 .debug_abbrev  0x00000024       0x87 CMakeFiles/led_blink.dir/Core/Src/main.c.obj
 .debug_abbrev  0x000000ab       0x47 CMakeFiles/led_blink.dir/Core/Src/stm32f4xx_it.c.obj
 .debug_abbrev  0x000000f2      0x169 CMakeFiles/led_blink.dir/Drivers/CMSIS/Device/ST/STM32F4xx/Source/Templates/system_stm32f4xx.c.obj
 .debug_abbrev  0x0000025b      0x1b6 CMakeFiles/led_blink.dir/Core/Src/syscalls.c.obj
 .debug_abbrev  0x00000411       0xbc CMakeFiles/led_blink.dir/Core/Src/sysmem.c.obj

.debug_aranges  0x00000000      0x1a8
 .debug_aranges
                0x00000000       0x28 CMakeFiles/led_blink.dir/Drivers/CMSIS/Device/ST/STM32F4xx/Source/gcc_ride7/startup_stm32f40_41xxx.s.obj
 .debug_aranges
                0x00000028       0x28 CMakeFiles/led_blink.dir/Core/Src/main.c.obj
 .debug_aranges
                0x00000050       0x60 CMakeFiles/led_blink.dir/Core/Src/stm32f4xx_it.c.obj
 .debug_aranges
                0x000000b0       0x30 CMakeFiles/led_blink.dir/Drivers/CMSIS/Device/ST/STM32F4xx/Source/Templates/system_stm32f4xx.c.obj
 .debug_aranges
                0x000000e0       0xa8 CMakeFiles/led_blink.dir/Core/Src/syscalls.c.obj
 .debug_aranges
                0x00000188       0x20 CMakeFiles/led_blink.dir/Core/Src/sysmem.c.obj

.debug_str      0x00000000    0x65d67
 .debug_str     0x00000000    0x65d67 CMakeFiles/led_blink.dir/Drivers/CMSIS/Device/ST/STM32F4xx/Source/gcc_ride7/startup_stm32f40_41xxx.s.obj
                                 0xd4 (size before relaxing)
 .debug_str     0x00065d67    0x60416 CMakeFiles/led_blink.dir/Core/Src/main.c.obj
 .debug_str     0x00065d67    0x602a7 CMakeFiles/led_blink.dir/Core/Src/stm32f4xx_it.c.obj
 .debug_str     0x00065d67    0x604c9 CMakeFiles/led_blink.dir/Drivers/CMSIS/Device/ST/STM32F4xx/Source/Templates/system_stm32f4xx.c.obj
 .debug_str     0x00065d67     0x9433 CMakeFiles/led_blink.dir/Core/Src/syscalls.c.obj
 .debug_str     0x00065d67     0x7138 CMakeFiles/led_blink.dir/Core/Src/sysmem.c.obj

.debug_rnglists
                0x00000000      0x123
 .debug_rnglists
                0x00000000       0x19 CMakeFiles/led_blink.dir/Drivers/CMSIS/Device/ST/STM32F4xx/Source/gcc_ride7/startup_stm32f40_41xxx.s.obj
 .debug_rnglists
                0x00000019       0x1a CMakeFiles/led_blink.dir/Core/Src/main.c.obj
 .debug_rnglists
                0x00000033       0x43 CMakeFiles/led_blink.dir/Core/Src/stm32f4xx_it.c.obj
 .debug_rnglists
                0x00000076       0x21 CMakeFiles/led_blink.dir/Drivers/CMSIS/Device/ST/STM32F4xx/Source/Templates/system_stm32f4xx.c.obj
 .debug_rnglists
                0x00000097       0x79 CMakeFiles/led_blink.dir/Core/Src/syscalls.c.obj
 .debug_rnglists
                0x00000110       0x13 CMakeFiles/led_blink.dir/Core/Src/sysmem.c.obj

.debug_macro    0x00000000    0x10ebf
 .debug_macro   0x00000000      0x215 CMakeFiles/led_blink.dir/Core/Src/main.c.obj
 .debug_macro   0x00000215      0xad8 CMakeFiles/led_blink.dir/Core/Src/main.c.obj
 .debug_macro   0x00000ced       0x65 CMakeFiles/led_blink.dir/Core/Src/main.c.obj
 .debug_macro   0x00000d52       0x3b CMakeFiles/led_blink.dir/Core/Src/main.c.obj
 .debug_macro   0x00000d8d       0x22 CMakeFiles/led_blink.dir/Core/Src/main.c.obj
 .debug_macro   0x00000daf       0x8e CMakeFiles/led_blink.dir/Core/Src/main.c.obj
 .debug_macro   0x00000e3d       0x51 CMakeFiles/led_blink.dir/Core/Src/main.c.obj
 .debug_macro   0x00000e8e      0x103 CMakeFiles/led_blink.dir/Core/Src/main.c.obj
 .debug_macro   0x00000f91       0x6a CMakeFiles/led_blink.dir/Core/Src/main.c.obj
 .debug_macro   0x00000ffb      0x1df CMakeFiles/led_blink.dir/Core/Src/main.c.obj
 .debug_macro   0x000011da       0x34 CMakeFiles/led_blink.dir/Core/Src/main.c.obj
 .debug_macro   0x0000120e       0x26 CMakeFiles/led_blink.dir/Core/Src/main.c.obj
 .debug_macro   0x00001234      0xe43 CMakeFiles/led_blink.dir/Core/Src/main.c.obj
 .debug_macro   0x00002077     0x91ad CMakeFiles/led_blink.dir/Core/Src/main.c.obj
 .debug_macro   0x0000b224      0x44f CMakeFiles/led_blink.dir/Core/Src/main.c.obj
 .debug_macro   0x0000b673       0xb2 CMakeFiles/led_blink.dir/Core/Src/main.c.obj
 .debug_macro   0x0000b725      0x477 CMakeFiles/led_blink.dir/Core/Src/main.c.obj
 .debug_macro   0x0000bb9c       0xb5 CMakeFiles/led_blink.dir/Core/Src/main.c.obj
 .debug_macro   0x0000bc51      0x41c CMakeFiles/led_blink.dir/Core/Src/main.c.obj
 .debug_macro   0x0000c06d      0x2fb CMakeFiles/led_blink.dir/Core/Src/main.c.obj
 .debug_macro   0x0000c368      0x2ba CMakeFiles/led_blink.dir/Core/Src/main.c.obj
 .debug_macro   0x0000c622       0x64 CMakeFiles/led_blink.dir/Core/Src/main.c.obj
 .debug_macro   0x0000c686       0xee CMakeFiles/led_blink.dir/Core/Src/main.c.obj
 .debug_macro   0x0000c774      0x65f CMakeFiles/led_blink.dir/Core/Src/main.c.obj
 .debug_macro   0x0000cdd3      0x59e CMakeFiles/led_blink.dir/Core/Src/main.c.obj
 .debug_macro   0x0000d371      0x342 CMakeFiles/led_blink.dir/Core/Src/main.c.obj
 .debug_macro   0x0000d6b3      0x36c CMakeFiles/led_blink.dir/Core/Src/main.c.obj
 .debug_macro   0x0000da1f      0x114 CMakeFiles/led_blink.dir/Core/Src/main.c.obj
 .debug_macro   0x0000db33      0x73b CMakeFiles/led_blink.dir/Core/Src/main.c.obj
 .debug_macro   0x0000e26e      0x223 CMakeFiles/led_blink.dir/Core/Src/main.c.obj
 .debug_macro   0x0000e491       0x34 CMakeFiles/led_blink.dir/Core/Src/main.c.obj
 .debug_macro   0x0000e4c5       0x82 CMakeFiles/led_blink.dir/Core/Src/main.c.obj
 .debug_macro   0x0000e547      0x144 CMakeFiles/led_blink.dir/Core/Src/main.c.obj
 .debug_macro   0x0000e68b       0xc3 CMakeFiles/led_blink.dir/Core/Src/main.c.obj
 .debug_macro   0x0000e74e       0x40 CMakeFiles/led_blink.dir/Core/Src/main.c.obj
 .debug_macro   0x0000e78e      0x3cf CMakeFiles/led_blink.dir/Core/Src/main.c.obj
 .debug_macro   0x0000eb5d      0x188 CMakeFiles/led_blink.dir/Core/Src/main.c.obj
 .debug_macro   0x0000ece5      0x149 CMakeFiles/led_blink.dir/Core/Src/main.c.obj
 .debug_macro   0x0000ee2e      0x279 CMakeFiles/led_blink.dir/Core/Src/main.c.obj
 .debug_macro   0x0000f0a7       0x35 CMakeFiles/led_blink.dir/Core/Src/main.c.obj
 .debug_macro   0x0000f0dc      0x1cb CMakeFiles/led_blink.dir/Core/Src/stm32f4xx_it.c.obj
 .debug_macro   0x0000f2a7      0x1db CMakeFiles/led_blink.dir/Drivers/CMSIS/Device/ST/STM32F4xx/Source/Templates/system_stm32f4xx.c.obj
 .debug_macro   0x0000f482      0x265 CMakeFiles/led_blink.dir/Core/Src/syscalls.c.obj
 .debug_macro   0x0000f6e7       0x75 CMakeFiles/led_blink.dir/Core/Src/syscalls.c.obj
 .debug_macro   0x0000f75c       0x2a CMakeFiles/led_blink.dir/Core/Src/syscalls.c.obj
 .debug_macro   0x0000f786       0x94 CMakeFiles/led_blink.dir/Core/Src/syscalls.c.obj
 .debug_macro   0x0000f81a       0x3c CMakeFiles/led_blink.dir/Core/Src/syscalls.c.obj
 .debug_macro   0x0000f856       0x34 CMakeFiles/led_blink.dir/Core/Src/syscalls.c.obj
 .debug_macro   0x0000f88a       0x57 CMakeFiles/led_blink.dir/Core/Src/syscalls.c.obj
 .debug_macro   0x0000f8e1      0x190 CMakeFiles/led_blink.dir/Core/Src/syscalls.c.obj
 .debug_macro   0x0000fa71      0x364 CMakeFiles/led_blink.dir/Core/Src/syscalls.c.obj
 .debug_macro   0x0000fdd5       0x16 CMakeFiles/led_blink.dir/Core/Src/syscalls.c.obj
 .debug_macro   0x0000fdeb       0x4a CMakeFiles/led_blink.dir/Core/Src/syscalls.c.obj
 .debug_macro   0x0000fe35       0x34 CMakeFiles/led_blink.dir/Core/Src/syscalls.c.obj
 .debug_macro   0x0000fe69       0x10 CMakeFiles/led_blink.dir/Core/Src/syscalls.c.obj
 .debug_macro   0x0000fe79       0x58 CMakeFiles/led_blink.dir/Core/Src/syscalls.c.obj
 .debug_macro   0x0000fed1      0x1e5 CMakeFiles/led_blink.dir/Core/Src/syscalls.c.obj
 .debug_macro   0x000100b6       0x10 CMakeFiles/led_blink.dir/Core/Src/syscalls.c.obj
 .debug_macro   0x000100c6       0x3c CMakeFiles/led_blink.dir/Core/Src/syscalls.c.obj
 .debug_macro   0x00010102       0x10 CMakeFiles/led_blink.dir/Core/Src/syscalls.c.obj
 .debug_macro   0x00010112       0x10 CMakeFiles/led_blink.dir/Core/Src/syscalls.c.obj
 .debug_macro   0x00010122       0x10 CMakeFiles/led_blink.dir/Core/Src/syscalls.c.obj
 .debug_macro   0x00010132       0x1c CMakeFiles/led_blink.dir/Core/Src/syscalls.c.obj
 .debug_macro   0x0001014e       0x52 CMakeFiles/led_blink.dir/Core/Src/syscalls.c.obj
 .debug_macro   0x000101a0       0x22 CMakeFiles/led_blink.dir/Core/Src/syscalls.c.obj
 .debug_macro   0x000101c2       0x10 CMakeFiles/led_blink.dir/Core/Src/syscalls.c.obj
 .debug_macro   0x000101d2       0x52 CMakeFiles/led_blink.dir/Core/Src/syscalls.c.obj
 .debug_macro   0x00010224       0xcf CMakeFiles/led_blink.dir/Core/Src/syscalls.c.obj
 .debug_macro   0x000102f3       0x1c CMakeFiles/led_blink.dir/Core/Src/syscalls.c.obj
 .debug_macro   0x0001030f       0x3d CMakeFiles/led_blink.dir/Core/Src/syscalls.c.obj
 .debug_macro   0x0001034c       0x35 CMakeFiles/led_blink.dir/Core/Src/syscalls.c.obj
 .debug_macro   0x00010381      0x12c CMakeFiles/led_blink.dir/Core/Src/syscalls.c.obj
 .debug_macro   0x000104ad       0x16 CMakeFiles/led_blink.dir/Core/Src/syscalls.c.obj
 .debug_macro   0x000104c3       0x16 CMakeFiles/led_blink.dir/Core/Src/syscalls.c.obj
 .debug_macro   0x000104d9       0x29 CMakeFiles/led_blink.dir/Core/Src/syscalls.c.obj
 .debug_macro   0x00010502       0x10 CMakeFiles/led_blink.dir/Core/Src/syscalls.c.obj
 .debug_macro   0x00010512      0x242 CMakeFiles/led_blink.dir/Core/Src/syscalls.c.obj
 .debug_macro   0x00010754       0x1c CMakeFiles/led_blink.dir/Core/Src/syscalls.c.obj
 .debug_macro   0x00010770       0x10 CMakeFiles/led_blink.dir/Core/Src/syscalls.c.obj
 .debug_macro   0x00010780       0x10 CMakeFiles/led_blink.dir/Core/Src/syscalls.c.obj
 .debug_macro   0x00010790       0x16 CMakeFiles/led_blink.dir/Core/Src/syscalls.c.obj
 .debug_macro   0x000107a6      0x170 CMakeFiles/led_blink.dir/Core/Src/syscalls.c.obj
 .debug_macro   0x00010916      0x18a CMakeFiles/led_blink.dir/Core/Src/syscalls.c.obj
 .debug_macro   0x00010aa0       0x16 CMakeFiles/led_blink.dir/Core/Src/syscalls.c.obj
 .debug_macro   0x00010ab6       0xce CMakeFiles/led_blink.dir/Core/Src/syscalls.c.obj
 .debug_macro   0x00010b84       0xff CMakeFiles/led_blink.dir/Core/Src/sysmem.c.obj
 .debug_macro   0x00010c83      0x23c CMakeFiles/led_blink.dir/Core/Src/sysmem.c.obj
